<html>
<body>
<pre>
<h1>礦ision Build Log</h1>
<h2>Tool Versions:</h2>
IDE-Version: μVision V5.26.2.0
Copyright (C) 2018 ARM Ltd and ARM Germany GmbH. All rights reserved.
License Information:  ,  , LIC=ATTQ1-C0SBZ-NNCAF-6UXBC-9RM74-G5XSE
 
Tool Versions:
Toolchain:       MDK-ARM Plus  Version: 5.26.2.0
Toolchain Path:  D:\Keil_v5\ARM\ARMCC\Bin
C Compiler:      Armcc.exe V5.06 update 6 (build 750)
Assembler:       Armasm.exe V5.06 update 6 (build 750)
Linker/Locator:  ArmLink.exe V5.06 update 6 (build 750)
Library Manager: ArmAr.exe V5.06 update 6 (build 750)
Hex Converter:   FromElf.exe V5.06 update 6 (build 750)
CPU DLL:         SARMCM3.DLL V5.26.2.0
Dialog DLL:      DARMSTM.DLL V1.68.0.0
Target DLL:      Segger\JL2CM3.dll V2.99.31.0
Dialog DLL:      TARMSTM.DLL V1.66.0.0
 
<h2>Project:</h2>
D:\195.小幻熊AI视觉模块\3.附录\6.小幻熊AI模块+STM32（需解压）\小幻熊AI模块STM32\3.图像分类\OpenArmSTM32.uvprojx
Project File Date:  06/24/2021

<h2>Output:</h2>
*** Using Compiler 'V5.06 update 6 (build 750)', folder: 'D:\Keil_v5\ARM\ARMCC\Bin'
Build target 'Target 1'
assembling startup_stm32f10x_md.s...
compiling core_cm3.c...
compiling stm32f10x_cec.c...
compiling stm32f10x_dma.c...
compiling misc.c...
compiling stm32f10x_bkp.c...
compiling stm32f10x_dac.c...
compiling stm32f10x_adc.c...
compiling stm32f10x_dbgmcu.c...
compiling stm32f10x_exti.c...
compiling stm32f10x_crc.c...
compiling stm32f10x_can.c...
compiling stm32f10x_gpio.c...
compiling stm32f10x_flash.c...
compiling stm32f10x_i2c.c...
compiling stm32f10x_pwr.c...
compiling stm32f10x_iwdg.c...
compiling stm32f10x_fsmc.c...
compiling stm32f10x_rcc.c...
compiling stm32f10x_rtc.c...
compiling stm32f10x_spi.c...
compiling stm32f10x_sdio.c...
compiling stm32f10x_tim.c...
compiling stm32f10x_wwdg.c...
compiling stm32f10x_it.c...
compiling stm32f10x_usart.c...
compiling main.c...
USER\WonderCam.h(120): warning:  #1295-D: Deprecated declaration anyFaceDetected - give arg types
      bool anyFaceDetected();
USER\WonderCam.h(121): warning:  #1295-D: Deprecated declaration numOfTotalFaceDetected - give arg types
      int numOfTotalFaceDetected();
USER\WonderCam.h(122): warning:  #1295-D: Deprecated declaration anyLearnedFaceDetected - give arg types
      bool anyLearnedFaceDetected();
USER\WonderCam.h(123): warning:  #1295-D: Deprecated declaration numOfTotalLearnedFaceDetected - give arg types
      int numOfTotalLearnedFaceDetected();
USER\WonderCam.h(124): warning:  #1295-D: Deprecated declaration anyUnlearnedFaceDetected - give arg types
      bool anyUnlearnedFaceDetected();
USER\WonderCam.h(125): warning:  #1295-D: Deprecated declaration numOfTotalUnlearnedFaceDetected - give arg types
      int numOfTotalUnlearnedFaceDetected();
USER\WonderCam.h(131): warning:  #1295-D: Deprecated declaration anyObjDetected - give arg types
      bool anyObjDetected();
USER\WonderCam.h(132): warning:  #1295-D: Deprecated declaration numOfObjDetected - give arg types
      int numOfObjDetected();
USER\WonderCam.h(138): warning:  #1295-D: Deprecated declaration classIdOfMaxProb - give arg types
      int classIdOfMaxProb();
USER\WonderCam.h(139): warning:  #1295-D: Deprecated declaration classMaxProb - give arg types
      float classMaxProb();
USER\WonderCam.h(143): warning:  #1295-D: Deprecated declaration featureIdOfMaxProb - give arg types
      int featureIdOfMaxProb();
USER\WonderCam.h(144): warning:  #1295-D: Deprecated declaration featureMaxProb - give arg types
      float featureMaxProb();
USER\main.c(68): warning:  #1-D: last line of file ends without a newline
  }
USER\main.c(36): warning:  #177-D: variable "x"  was declared but never referenced
  uint8_t x;
USER\main.c: 14 warnings, 0 errors
compiling system_stm32f10x.c...
compiling Delay.c...
USER\WonderCam.h(120): warning:  #1295-D: Deprecated declaration anyFaceDetected - give arg types
      bool anyFaceDetected();
USER\WonderCam.h(121): warning:  #1295-D: Deprecated declaration numOfTotalFaceDetected - give arg types
      int numOfTotalFaceDetected();
USER\WonderCam.h(122): warning:  #1295-D: Deprecated declaration anyLearnedFaceDetected - give arg types
      bool anyLearnedFaceDetected();
USER\WonderCam.h(123): warning:  #1295-D: Deprecated declaration numOfTotalLearnedFaceDetected - give arg types
      int numOfTotalLearnedFaceDetected();
USER\WonderCam.h(124): warning:  #1295-D: Deprecated declaration anyUnlearnedFaceDetected - give arg types
      bool anyUnlearnedFaceDetected();
USER\WonderCam.h(125): warning:  #1295-D: Deprecated declaration numOfTotalUnlearnedFaceDetected - give arg types
      int numOfTotalUnlearnedFaceDetected();
USER\WonderCam.h(131): warning:  #1295-D: Deprecated declaration anyObjDetected - give arg types
      bool anyObjDetected();
USER\WonderCam.h(132): warning:  #1295-D: Deprecated declaration numOfObjDetected - give arg types
      int numOfObjDetected();
USER\WonderCam.h(138): warning:  #1295-D: Deprecated declaration classIdOfMaxProb - give arg types
      int classIdOfMaxProb();
USER\WonderCam.h(139): warning:  #1295-D: Deprecated declaration classMaxProb - give arg types
      float classMaxProb();
USER\WonderCam.h(143): warning:  #1295-D: Deprecated declaration featureIdOfMaxProb - give arg types
      int featureIdOfMaxProb();
USER\WonderCam.h(144): warning:  #1295-D: Deprecated declaration featureMaxProb - give arg types
      float featureMaxProb();
USER\Delay.c: 12 warnings, 0 errors
compiling Usart.c...
USER\WonderCam.h(120): warning:  #1295-D: Deprecated declaration anyFaceDetected - give arg types
      bool anyFaceDetected();
USER\WonderCam.h(121): warning:  #1295-D: Deprecated declaration numOfTotalFaceDetected - give arg types
      int numOfTotalFaceDetected();
USER\WonderCam.h(122): warning:  #1295-D: Deprecated declaration anyLearnedFaceDetected - give arg types
      bool anyLearnedFaceDetected();
USER\WonderCam.h(123): warning:  #1295-D: Deprecated declaration numOfTotalLearnedFaceDetected - give arg types
      int numOfTotalLearnedFaceDetected();
USER\WonderCam.h(124): warning:  #1295-D: Deprecated declaration anyUnlearnedFaceDetected - give arg types
      bool anyUnlearnedFaceDetected();
USER\WonderCam.h(125): warning:  #1295-D: Deprecated declaration numOfTotalUnlearnedFaceDetected - give arg types
      int numOfTotalUnlearnedFaceDetected();
USER\WonderCam.h(131): warning:  #1295-D: Deprecated declaration anyObjDetected - give arg types
      bool anyObjDetected();
USER\WonderCam.h(132): warning:  #1295-D: Deprecated declaration numOfObjDetected - give arg types
      int numOfObjDetected();
USER\WonderCam.h(138): warning:  #1295-D: Deprecated declaration classIdOfMaxProb - give arg types
      int classIdOfMaxProb();
USER\WonderCam.h(139): warning:  #1295-D: Deprecated declaration classMaxProb - give arg types
      float classMaxProb();
USER\WonderCam.h(143): warning:  #1295-D: Deprecated declaration featureIdOfMaxProb - give arg types
      int featureIdOfMaxProb();
USER\WonderCam.h(144): warning:  #1295-D: Deprecated declaration featureMaxProb - give arg types
      float featureMaxProb();
USER\Usart.c: 12 warnings, 0 errors
compiling IIC.c...
USER\WonderCam.h(120): warning:  #1295-D: Deprecated declaration anyFaceDetected - give arg types
      bool anyFaceDetected();
USER\WonderCam.h(121): warning:  #1295-D: Deprecated declaration numOfTotalFaceDetected - give arg types
      int numOfTotalFaceDetected();
USER\WonderCam.h(122): warning:  #1295-D: Deprecated declaration anyLearnedFaceDetected - give arg types
      bool anyLearnedFaceDetected();
USER\WonderCam.h(123): warning:  #1295-D: Deprecated declaration numOfTotalLearnedFaceDetected - give arg types
      int numOfTotalLearnedFaceDetected();
USER\WonderCam.h(124): warning:  #1295-D: Deprecated declaration anyUnlearnedFaceDetected - give arg types
      bool anyUnlearnedFaceDetected();
USER\WonderCam.h(125): warning:  #1295-D: Deprecated declaration numOfTotalUnlearnedFaceDetected - give arg types
      int numOfTotalUnlearnedFaceDetected();
USER\WonderCam.h(131): warning:  #1295-D: Deprecated declaration anyObjDetected - give arg types
      bool anyObjDetected();
USER\WonderCam.h(132): warning:  #1295-D: Deprecated declaration numOfObjDetected - give arg types
      int numOfObjDetected();
USER\WonderCam.h(138): warning:  #1295-D: Deprecated declaration classIdOfMaxProb - give arg types
      int classIdOfMaxProb();
USER\WonderCam.h(139): warning:  #1295-D: Deprecated declaration classMaxProb - give arg types
      float classMaxProb();
USER\WonderCam.h(143): warning:  #1295-D: Deprecated declaration featureIdOfMaxProb - give arg types
      int featureIdOfMaxProb();
USER\WonderCam.h(144): warning:  #1295-D: Deprecated declaration featureMaxProb - give arg types
      float featureMaxProb();
USER\IIC.c: 12 warnings, 0 errors
compiling WonderCam.c...
USER\WonderCam.h(120): warning:  #1295-D: Deprecated declaration anyFaceDetected - give arg types
      bool anyFaceDetected();
USER\WonderCam.h(121): warning:  #1295-D: Deprecated declaration numOfTotalFaceDetected - give arg types
      int numOfTotalFaceDetected();
USER\WonderCam.h(122): warning:  #1295-D: Deprecated declaration anyLearnedFaceDetected - give arg types
      bool anyLearnedFaceDetected();
USER\WonderCam.h(123): warning:  #1295-D: Deprecated declaration numOfTotalLearnedFaceDetected - give arg types
      int numOfTotalLearnedFaceDetected();
USER\WonderCam.h(124): warning:  #1295-D: Deprecated declaration anyUnlearnedFaceDetected - give arg types
      bool anyUnlearnedFaceDetected();
USER\WonderCam.h(125): warning:  #1295-D: Deprecated declaration numOfTotalUnlearnedFaceDetected - give arg types
      int numOfTotalUnlearnedFaceDetected();
USER\WonderCam.h(131): warning:  #1295-D: Deprecated declaration anyObjDetected - give arg types
      bool anyObjDetected();
USER\WonderCam.h(132): warning:  #1295-D: Deprecated declaration numOfObjDetected - give arg types
      int numOfObjDetected();
USER\WonderCam.h(138): warning:  #1295-D: Deprecated declaration classIdOfMaxProb - give arg types
      int classIdOfMaxProb();
USER\WonderCam.h(139): warning:  #1295-D: Deprecated declaration classMaxProb - give arg types
      float classMaxProb();
USER\WonderCam.h(143): warning:  #1295-D: Deprecated declaration featureIdOfMaxProb - give arg types
      int featureIdOfMaxProb();
USER\WonderCam.h(144): warning:  #1295-D: Deprecated declaration featureMaxProb - give arg types
      float featureMaxProb();
USER\WonderCam.c(85): warning:  #167-D: argument of type "char *" is incompatible with parameter of type "uint8_t *"
    readFromAddr(0x0000, str, 16);
USER\WonderCam.c(91): warning:  #167-D: argument of type "char *" is incompatible with parameter of type "uint8_t *"
    readFromAddr(0x0035, &buf, 1);
USER\WonderCam.c(114): warning:  #177-D: variable "buf"  was declared but never referenced
    byte buf[3] = {0x30, 0x00, 0x00};
USER\WonderCam.c(176): warning:  #223-D: function "memset" declared implicitly
    memset(p, 0, sizeof(struct  WonderCamFaceDetectResult));
USER\WonderCam.c(193): warning:  #223-D: function "memset" declared implicitly
    memset(p, 0, sizeof(struct  WonderCamFaceDetectResult));
USER\WonderCam.c(252): warning:  #223-D: function "memset" declared implicitly
    memset(p, 0, sizeof(struct  WonderCamObjDetectResult));
USER\WonderCam.c(268): warning:  #940-D: missing return statement at end of non-void function "objDetected" 
  }
USER\WonderCam.c(282): warning:  #223-D: function "memcpy" declared implicitly
    memcpy(&prob_u16, &result_summ[2], 2);
USER\WonderCam.c(291): warning:  #223-D: function "memcpy" declared implicitly
    memcpy(&prob_u16, &result_summ[16 + (id - 1) * 4], 2);
USER\WonderCam.c(307): warning:  #223-D: function "memcpy" declared implicitly
    memcpy(&prob_u16, &result_summ[2], 2);
USER\WonderCam.c(316): warning:  #223-D: function "memcpy" declared implicitly
    memcpy(&prob_u16, &result_summ[16 + (id - 1) * 4], 2);
USER\WonderCam.c(363): warning:  #223-D: function "memset" declared implicitly
    memset(p, 0, 32);
USER\WonderCam.c(484): warning:  #223-D: function "memset" declared implicitly
    memset(p, 0, sizeof(struct WonderCamColorDetectResult));
USER\WonderCam.c(498): warning:  #940-D: missing return statement at end of non-void function "colorId" 
  }
USER\WonderCam.c(533): warning:  #223-D: function "memset" declared implicitly
    memset(p, 0, sizeof(struct WonderCamLineResult));
USER\WonderCam.c(548): warning:  #223-D: function "abs" declared implicitly
        p->offset = abs(p->offset) - 160;
USER\WonderCam.c(552): warning:  #940-D: missing return statement at end of non-void function "lineId" 
  }
USER\WonderCam.c: 29 warnings, 0 errors
linking...
Program Size: Code=9116 RO-data=268 RW-data=52 ZI-data=1764  
FromELF: creating hex file...
".\Obj\OpenArmSTM32.axf" - 0 Error(s), 79 Warning(s).

<h2>Software Packages used:</h2>

Package Vendor: ARM
                http://www.keil.com/pack/ARM.CMSIS.5.4.0.pack
                ARM.CMSIS.5.4.0
                CMSIS (Cortex Microcontroller Software Interface Standard)
   * Component: CORE Version: 5.1.2

Package Vendor: Keil
                http://www.keil.com/pack/Keil.STM32F1xx_DFP.2.3.0.pack
                Keil.STM32F1xx_DFP.2.3.0
                STMicroelectronics STM32F1 Series Device Support, Drivers and Examples

<h2>Collection of Component include folders:</h2>
  .\RTE\_Target_1
  D:\Keil_v5\ARM\PACK\ARM\CMSIS\5.4.0\CMSIS\Core\Include
  D:\Keil_v5\ARM\PACK\Keil\STM32F1xx_DFP\2.3.0\Device\Include

<h2>Collection of Component Files used:</h2>

   * Component: ARM::CMSIS:CORE:5.1.2
Build Time Elapsed:  00:00:04
</pre>
</body>
</html>
