Component: ARM Compiler 5.06 update 6 (build 750) Tool: armlink [4d35ed]

==============================================================================

Section Cross References

    startup_stm32f103xe.o(RESET) refers to startup_stm32f103xe.o(STACK) for __initial_sp
    startup_stm32f103xe.o(RESET) refers to startup_stm32f103xe.o(.text) for Reset_Handler
    startup_stm32f103xe.o(RESET) refers to stm32f1xx_it.o(i.NMI_Handler) for NMI_Handler
    startup_stm32f103xe.o(RESET) refers to stm32f1xx_it.o(i.HardFault_Handler) for HardFault_Handler
    startup_stm32f103xe.o(RESET) refers to stm32f1xx_it.o(i.MemManage_Handler) for MemManage_Handler
    startup_stm32f103xe.o(RESET) refers to stm32f1xx_it.o(i.BusFault_Handler) for BusFault_Handler
    startup_stm32f103xe.o(RESET) refers to stm32f1xx_it.o(i.UsageFault_Handler) for UsageFault_Handler
    startup_stm32f103xe.o(RESET) refers to stm32f1xx_it.o(i.SVC_Handler) for SVC_Handler
    startup_stm32f103xe.o(RESET) refers to stm32f1xx_it.o(i.DebugMon_Handler) for DebugMon_Handler
    startup_stm32f103xe.o(RESET) refers to stm32f1xx_it.o(i.PendSV_Handler) for PendSV_Handler
    startup_stm32f103xe.o(RESET) refers to stm32f1xx_it.o(i.SysTick_Handler) for SysTick_Handler
    startup_stm32f103xe.o(RESET) refers to stm32f1xx_it.o(i.USART1_IRQHandler) for USART1_IRQHandler
    startup_stm32f103xe.o(RESET) refers to stm32f1xx_it.o(i.USART2_IRQHandler) for USART2_IRQHandler
    startup_stm32f103xe.o(.text) refers to system_stm32f1xx.o(i.SystemInit) for SystemInit
    startup_stm32f103xe.o(.text) refers to entry.o(.ARM.Collect$$$$00000000) for __main
    system_stm32f1xx.o(i.SystemCoreClockUpdate) refers to system_stm32f1xx.o(.data) for SystemCoreClock
    system_stm32f1xx.o(i.SystemCoreClockUpdate) refers to system_stm32f1xx.o(.constdata) for AHBPrescTable
    stm32f1xx_hal.o(i.HAL_DeInit) refers to stm32f1xx_hal.o(i.HAL_MspDeInit) for HAL_MspDeInit
    stm32f1xx_hal.o(i.HAL_Delay) refers to stm32f1xx_hal.o(i.HAL_GetTick) for HAL_GetTick
    stm32f1xx_hal.o(i.HAL_Delay) refers to stm32f1xx_hal.o(.data) for uwTickFreq
    stm32f1xx_hal.o(i.HAL_GetTick) refers to stm32f1xx_hal.o(.data) for uwTick
    stm32f1xx_hal.o(i.HAL_GetTickFreq) refers to stm32f1xx_hal.o(.data) for uwTickFreq
    stm32f1xx_hal.o(i.HAL_GetTickPrio) refers to stm32f1xx_hal.o(.data) for uwTickPrio
    stm32f1xx_hal.o(i.HAL_IncTick) refers to stm32f1xx_hal.o(.data) for uwTick
    stm32f1xx_hal.o(i.HAL_Init) refers to stm32f1xx_hal_cortex.o(i.HAL_NVIC_SetPriorityGrouping) for HAL_NVIC_SetPriorityGrouping
    stm32f1xx_hal.o(i.HAL_Init) refers to stm32f1xx_hal.o(i.HAL_InitTick) for HAL_InitTick
    stm32f1xx_hal.o(i.HAL_Init) refers to stm32f1xx_hal.o(i.HAL_MspInit) for HAL_MspInit
    stm32f1xx_hal.o(i.HAL_InitTick) refers to stm32f1xx_hal_cortex.o(i.HAL_SYSTICK_Config) for HAL_SYSTICK_Config
    stm32f1xx_hal.o(i.HAL_InitTick) refers to stm32f1xx_hal_cortex.o(i.HAL_NVIC_SetPriority) for HAL_NVIC_SetPriority
    stm32f1xx_hal.o(i.HAL_InitTick) refers to stm32f1xx_hal.o(.data) for uwTickFreq
    stm32f1xx_hal.o(i.HAL_InitTick) refers to system_stm32f1xx.o(.data) for SystemCoreClock
    stm32f1xx_hal.o(i.HAL_SetTickFreq) refers to stm32f1xx_hal.o(i.HAL_InitTick) for HAL_InitTick
    stm32f1xx_hal.o(i.HAL_SetTickFreq) refers to stm32f1xx_hal.o(.data) for uwTickFreq
    stm32f1xx_hal_adc.o(i.ADC_ConversionStop_Disable) refers to stm32f1xx_hal.o(i.HAL_GetTick) for HAL_GetTick
    stm32f1xx_hal_adc.o(i.ADC_DMAConvCplt) refers to stm32f1xx_hal_adc.o(i.HAL_ADC_ConvCpltCallback) for HAL_ADC_ConvCpltCallback
    stm32f1xx_hal_adc.o(i.ADC_DMAError) refers to stm32f1xx_hal_adc.o(i.HAL_ADC_ErrorCallback) for HAL_ADC_ErrorCallback
    stm32f1xx_hal_adc.o(i.ADC_DMAHalfConvCplt) refers to stm32f1xx_hal_adc.o(i.HAL_ADC_ConvHalfCpltCallback) for HAL_ADC_ConvHalfCpltCallback
    stm32f1xx_hal_adc.o(i.ADC_Enable) refers to stm32f1xx_hal.o(i.HAL_GetTick) for HAL_GetTick
    stm32f1xx_hal_adc.o(i.ADC_Enable) refers to system_stm32f1xx.o(.data) for SystemCoreClock
    stm32f1xx_hal_adc.o(i.HAL_ADC_ConfigChannel) refers to system_stm32f1xx.o(.data) for SystemCoreClock
    stm32f1xx_hal_adc.o(i.HAL_ADC_DeInit) refers to stm32f1xx_hal_adc.o(i.ADC_ConversionStop_Disable) for ADC_ConversionStop_Disable
    stm32f1xx_hal_adc.o(i.HAL_ADC_DeInit) refers to stm32f1xx_hal_adc.o(i.HAL_ADC_MspDeInit) for HAL_ADC_MspDeInit
    stm32f1xx_hal_adc.o(i.HAL_ADC_IRQHandler) refers to stm32f1xx_hal_adc.o(i.HAL_ADC_ConvCpltCallback) for HAL_ADC_ConvCpltCallback
    stm32f1xx_hal_adc.o(i.HAL_ADC_IRQHandler) refers to stm32f1xx_hal_adc_ex.o(i.HAL_ADCEx_InjectedConvCpltCallback) for HAL_ADCEx_InjectedConvCpltCallback
    stm32f1xx_hal_adc.o(i.HAL_ADC_IRQHandler) refers to stm32f1xx_hal_adc.o(i.HAL_ADC_LevelOutOfWindowCallback) for HAL_ADC_LevelOutOfWindowCallback
    stm32f1xx_hal_adc.o(i.HAL_ADC_Init) refers to stm32f1xx_hal_adc.o(i.HAL_ADC_MspInit) for HAL_ADC_MspInit
[...]
    .ARM.Collect$$$$00000001                 0x08000130   Section        4  entry2.o(.ARM.Collect$$$$00000001)
    .ARM.Collect$$$$00000004                 0x08000134   Section        4  entry5.o(.ARM.Collect$$$$00000004)
    .ARM.Collect$$$$00000008                 0x08000138   Section        0  entry7b.o(.ARM.Collect$$$$00000008)
    .ARM.Collect$$$$0000000A                 0x08000138   Section        0  entry8b.o(.ARM.Collect$$$$0000000A)
    .ARM.Collect$$$$0000000B                 0x08000138   Section        8  entry9a.o(.ARM.Collect$$$$0000000B)
    .ARM.Collect$$$$0000000D                 0x08000140   Section        0  entry10a.o(.ARM.Collect$$$$0000000D)
    .ARM.Collect$$$$0000000F                 0x08000140   Section        0  entry11a.o(.ARM.Collect$$$$0000000F)
    .ARM.Collect$$$$00002712                 0x08000140   Section        4  entry2.o(.ARM.Collect$$$$00002712)
    __lit__00000000                          0x08000140   Data           4  entry2.o(.ARM.Collect$$$$00002712)
    .text                                    0x08000144   Section       36  startup_stm32f103xe.o(.text)
    .text                                    0x08000168   Section        0  llushr.o(.text)
    .text                                    0x08000188   Section        0  memseta.o(.text)
    .text                                    0x080001ac   Section        0  ddiv.o(.text)
    .text                                    0x0800028a   Section        0  fflti.o(.text)
    .text                                    0x0800029c   Section        0  f2d.o(.text)
    .text                                    0x080002c4   Section       48  cdrcmple.o(.text)
    .text                                    0x080002f4   Section        0  d2f.o(.text)
    .text                                    0x0800032c   Section        0  uidiv.o(.text)
    .text                                    0x08000358   Section        0  uldiv.o(.text)
    .text                                    0x080003ba   Section        0  fepilogue.o(.text)
    .text                                    0x080003ba   Section        0  iusefp.o(.text)
    .text                                    0x08000428   Section        0  depilogue.o(.text)
    .text                                    0x080004e2   Section        0  dadd.o(.text)
    .text                                    0x08000630   Section        0  dmul.o(.text)
    .text                                    0x08000714   Section        0  dfixul.o(.text)
    .text                                    0x08000744   Section       36  init.o(.text)
    .text                                    0x08000768   Section        0  llshl.o(.text)
    .text                                    0x08000786   Section        0  llsshr.o(.text)
    i.BusFault_Handler                       0x080007aa   Section        0  stm32f1xx_it.o(i.BusFault_Handler)
    i.DEBUG_USART_Config                     0x080007b0   Section        0  bsp_debug_usart.o(i.DEBUG_USART_Config)
    i.DIAL_GPIO_Config                       0x080007ec   Section        0  bsp_dial.o(i.DIAL_GPIO_Config)
    i.DebugMon_Handler                       0x080008ac   Section        0  stm32f1xx_it.o(i.DebugMon_Handler)
    i.DelayMs                                0x080008b0   Section        0  bsp_delay.o(i.DelayMs)
    i.DelayUs                                0x080008ec   Section        0  bsp_delay.o(i.DelayUs)
    i.Dir_con_gpio_config                    0x08000928   Section        0  bsp_motor_control.o(i.Dir_con_gpio_config)
    i.HAL_DMA_Abort_IT                       0x080009e0   Section        0  stm32f1xx_hal_dma.o(i.HAL_DMA_Abort_IT)
    i.HAL_GPIO_Init                          0x08000b88   Section        0  stm32f1xx_hal_gpio.o(i.HAL_GPIO_Init)
    i.HAL_GPIO_ReadPin                       0x08000ec8   Section        0  stm32f1xx_hal_gpio.o(i.HAL_GPIO_ReadPin)
    i.HAL_GPIO_WritePin                      0x08000ed8   Section        0  stm32f1xx_hal_gpio.o(i.HAL_GPIO_WritePin)
    i.HAL_GetTick                            0x08000ee4   Section        0  stm32f1xx_hal.o(i.HAL_GetTick)
    i.HAL_IncTick                            0x08000ef0   Section        0  stm32f1xx_hal.o(i.HAL_IncTick)
    i.HAL_Init                               0x08000f08   Section        0  stm32f1xx_hal.o(i.HAL_Init)
    i.HAL_InitTick                           0x08000f30   Section        0  stm32f1xx_hal.o(i.HAL_InitTick)
    i.HAL_MspInit                            0x08000f7c   Section        0  stm32f1xx_hal.o(i.HAL_MspInit)
    i.HAL_NVIC_EnableIRQ                     0x08000f7e   Section        0  stm32f1xx_hal_cortex.o(i.HAL_NVIC_EnableIRQ)
    i.HAL_NVIC_SetPriority                   0x08000f9e   Section        0  stm32f1xx_hal_cortex.o(i.HAL_NVIC_SetPriority)
    i.HAL_NVIC_SetPriorityGrouping           0x0800101c   Section        0  stm32f1xx_hal_cortex.o(i.HAL_NVIC_SetPriorityGrouping)
    i.HAL_RCC_ClockConfig                    0x08001044   Section        0  stm32f1xx_hal_rcc.o(i.HAL_RCC_ClockConfig)
    i.HAL_RCC_GetHCLKFreq                    0x080011d0   Section        0  stm32f1xx_hal_rcc.o(i.HAL_RCC_GetHCLKFreq)
    i.HAL_RCC_GetPCLK1Freq                   0x080011dc   Section        0  stm32f1xx_hal_rcc.o(i.HAL_RCC_GetPCLK1Freq)
    i.HAL_RCC_GetPCLK2Freq                   0x080011fc   Section        0  stm32f1xx_hal_rcc.o(i.HAL_RCC_GetPCLK2Freq)
    i.HAL_RCC_GetSysClockFreq                0x0800121c   Section        0  stm32f1xx_hal_rcc.o(i.HAL_RCC_GetSysClockFreq)
    i.HAL_RCC_OscConfig                      0x080012b0   Section        0  stm32f1xx_hal_rcc.o(i.HAL_RCC_OscConfig)
    i.HAL_SYSTICK_Config                     0x08001714   Section        0  stm32f1xx_hal_cortex.o(i.HAL_SYSTICK_Config)
    i.HAL_TIM_PWM_ConfigChannel              0x08001748   Section        0  stm32f1xx_hal_tim.o(i.HAL_TIM_PWM_ConfigChannel)
    i.HAL_TIM_PWM_Init                       0x08001850   Section        0  stm32f1xx_hal_tim.o(i.HAL_TIM_PWM_Init)
    i.HAL_TIM_PWM_MspInit                    0x08001884   Section        0  stm32f1xx_hal_tim.o(i.HAL_TIM_PWM_MspInit)
    i.HAL_TIM_PWM_Start                      0x08001888   Section        0  stm32f1xx_hal_tim.o(i.HAL_TIM_PWM_Start)
    i.HAL_UART_ErrorCallback                 0x080018e0   Section        0  stm32f1xx_hal_uart.o(i.HAL_UART_ErrorCallback)
    i.HAL_UART_IRQHandler                    0x080018e4   Section        0  stm32f1xx_hal_uart.o(i.HAL_UART_IRQHandler)
    i.HAL_UART_Init                          0x08001a30   Section        0  stm32f1xx_hal_uart.o(i.HAL_UART_Init)
    i.HAL_UART_MspInit                       0x08001aa4   Section        0  bsp_debug_usart.o(i.HAL_UART_MspInit)
    i.HAL_UART_RxCpltCallback                0x08001c20   Section        0  stm32f1xx_hal_uart.o(i.HAL_UART_RxCpltCallback)
    i.HAL_UART_Transmit                      0x08001c22   Section        0  stm32f1xx_hal_uart.o(i.HAL_UART_Transmit)
    i.HAL_UART_TxCpltCallback                0x08001cf8   Section        0  stm32f1xx_hal_uart.o(i.HAL_UART_TxCpltCallback)
    i.HardFault_Handler                      0x08001cfa   Section        0  stm32f1xx_it.o(i.HardFault_Handler)
    i.IIC_Ack                                0x08001d00   Section        0  bsp_iic.o(i.IIC_Ack)
    i.IIC_Init                               0x08001d50   Section        0  bsp_iic.o(i.IIC_Init)
    i.IIC_NAck                               0x08001da8   Section        0  bsp_iic.o(i.IIC_NAck)
    i.IIC_Read_Byte                          0x08001df8   Section        0  bsp_iic.o(i.IIC_Read_Byte)
    i.IIC_Send_Byte                          0x08001e68   Section        0  bsp_iic.o(i.IIC_Send_Byte)
    i.IIC_Start                              0x08001ed0   Section        0  bsp_iic.o(i.IIC_Start)
    i.IIC_Stop                               0x08001f1c   Section        0  bsp_iic.o(i.IIC_Stop)
    i.IIC_Wait_Ack                           0x08001f68   Section        0  bsp_iic.o(i.IIC_Wait_Ack)
    i.InitDelay                              0x08001fd0   Section        0  bsp_delay.o(i.InitDelay)
    i.MemManage_Handler                      0x08002010   Section        0  stm32f1xx_it.o(i.MemManage_Handler)
    i.NMI_Handler                            0x08002014   Section        0  stm32f1xx_it.o(i.NMI_Handler)
    i.PendSV_Handler                         0x08002016   Section        0  stm32f1xx_it.o(i.PendSV_Handler)
    i.RCC_Delay                              0x08002018   Section        0  stm32f1xx_hal_rcc.o(i.RCC_Delay)
    RCC_Delay                                0x08002019   Thumb Code    36  stm32f1xx_hal_rcc.o(i.RCC_Delay)
    i.SERVO_USART_Config                     0x08002040   Section        0  bsp_usart.o(i.SERVO_USART_Config)
    i.SVC_Handler                            0x0800208c   Section        0  stm32f1xx_it.o(i.SVC_Handler)
    i.SysTick_Handler                        0x0800208e   Section        0  stm32f1xx_it.o(i.SysTick_Handler)
    i.SystemClock_Config                     0x08002096   Section        0  main.o(i.SystemClock_Config)
    SystemClock_Config                       0x08002097   Thumb Code    96  main.o(i.SystemClock_Config)
    i.SystemInit                             0x080020f8   Section        0  system_stm32f1xx.o(i.SystemInit)
    i.TIM1_SetPWM2_pulse                     0x08002150   Section        0  bsp_motor_tim.o(i.TIM1_SetPWM2_pulse)
    i.TIM1_SetPWM_pulse                      0x08002188   Section        0  bsp_motor_tim.o(i.TIM1_SetPWM_pulse)
    i.TIM_Base_SetConfig                     0x080021c0   Section        0  stm32f1xx_hal_tim.o(i.TIM_Base_SetConfig)
    i.TIM_CCxChannelCmd                      0x0800225c   Section        0  stm32f1xx_hal_tim.o(i.TIM_CCxChannelCmd)
    i.TIM_OC1_SetConfig                      0x08002280   Section        0  stm32f1xx_hal_tim.o(i.TIM_OC1_SetConfig)
    TIM_OC1_SetConfig                        0x08002281   Thumb Code   104  stm32f1xx_hal_tim.o(i.TIM_OC1_SetConfig)
    i.TIM_OC2_SetConfig                      0x080022f0   Section        0  stm32f1xx_hal_tim.o(i.TIM_OC2_SetConfig)
    i.TIM_OC3_SetConfig                      0x0800236c   Section        0  stm32f1xx_hal_tim.o(i.TIM_OC3_SetConfig)
    TIM_OC3_SetConfig                        0x0800236d   Thumb Code   112  stm32f1xx_hal_tim.o(i.TIM_OC3_SetConfig)
    i.TIM_OC4_SetConfig                      0x080023e4   Section        0  stm32f1xx_hal_tim.o(i.TIM_OC4_SetConfig)
    TIM_OC4_SetConfig                        0x080023e5   Thumb Code    74  stm32f1xx_hal_tim.o(i.TIM_OC4_SetConfig)
    i.TIM_PWMOUTPUT2_Config                  0x08002438   Section        0  bsp_motor_tim.o(i.TIM_PWMOUTPUT2_Config)
    TIM_PWMOUTPUT2_Config                    0x08002439   Thumb Code   138  bsp_motor_tim.o(i.TIM_PWMOUTPUT2_Config)
    i.TIM_PWMOUTPUT_Config                   0x080024d0   Section        0  bsp_motor_tim.o(i.TIM_PWMOUTPUT_Config)
    TIM_PWMOUTPUT_Config                     0x080024d1   Thumb Code   138  bsp_motor_tim.o(i.TIM_PWMOUTPUT_Config)
    i.TIMx_Configuration                     0x08002568   Section        0  bsp_motor_tim.o(i.TIMx_Configuration)
    i.TIMx_Configuration2                    0x08002574   Section        0  bsp_motor_tim.o(i.TIMx_Configuration2)
    i.TIMx_GPIO_Config                       0x08002580   Section        0  bsp_motor_tim.o(i.TIMx_GPIO_Config)
    TIMx_GPIO_Config                         0x08002581   Thumb Code   144  bsp_motor_tim.o(i.TIMx_GPIO_Config)
    i.TIMx_GPIO_Config2                      0x0800261c   Section        0  bsp_motor_tim.o(i.TIMx_GPIO_Config2)
    TIMx_GPIO_Config2                        0x0800261d   Thumb Code   118  bsp_motor_tim.o(i.TIMx_GPIO_Config2)
    i.TRAILING_GPIO_Config                   0x080026a0   Section        0  bsp_trailing.o(i.TRAILING_GPIO_Config)
    i.UART_DMAAbortOnError                   0x08002908   Section        0  stm32f1xx_hal_uart.o(i.UART_DMAAbortOnError)
    UART_DMAAbortOnError                     0x08002909   Thumb Code    20  stm32f1xx_hal_uart.o(i.UART_DMAAbortOnError)
    i.UART_EndRxTransfer                     0x0800291c   Section        0  stm32f1xx_hal_uart.o(i.UART_EndRxTransfer)
    UART_EndRxTransfer                       0x0800291d   Thumb Code    32  stm32f1xx_hal_uart.o(i.UART_EndRxTransfer)
    i.UART_EndTransmit_IT                    0x0800293c   Section        0  stm32f1xx_hal_uart.o(i.UART_EndTransmit_IT)
    UART_EndTransmit_IT                      0x0800293d   Thumb Code    32  stm32f1xx_hal_uart.o(i.UART_EndTransmit_IT)
    i.UART_Receive_IT                        0x0800295c   Section        0  stm32f1xx_hal_uart.o(i.UART_Receive_IT)
    UART_Receive_IT                          0x0800295d   Thumb Code   166  stm32f1xx_hal_uart.o(i.UART_Receive_IT)
    i.UART_SetConfig                         0x08002a04   Section        0  stm32f1xx_hal_uart.o(i.UART_SetConfig)
    UART_SetConfig                           0x08002a05   Thumb Code   412  stm32f1xx_hal_uart.o(i.UART_SetConfig)
    i.UART_Transmit_IT                       0x08002ba4   Section        0  stm32f1xx_hal_uart.o(i.UART_Transmit_IT)
    UART_Transmit_IT                         0x08002ba5   Thumb Code   104  stm32f1xx_hal_uart.o(i.UART_Transmit_IT)
    i.UART_WaitOnFlagUntilTimeout            0x08002c0c   Section        0  stm32f1xx_hal_uart.o(i.UART_WaitOnFlagUntilTimeout)
    UART_WaitOnFlagUntilTimeout              0x08002c0d   Thumb Code   108  stm32f1xx_hal_uart.o(i.UART_WaitOnFlagUntilTimeout)
    i.USART1_IRQHandler                      0x08002c78   Section        0  stm32f1xx_it.o(i.USART1_IRQHandler)
    i.USART2_IRQHandler                      0x08002d50   Section        0  stm32f1xx_it.o(i.USART2_IRQHandler)
    i.UsageFault_Handler                     0x08002e6c   Section        0  stm32f1xx_it.o(i.UsageFault_Handler)
    i.Usart_SendByte                         0x08002e70   Section        0  bsp_debug_usart.o(i.Usart_SendByte)
    i.__0printf                              0x08002e88   Section        0  printfa.o(i.__0printf)
    i.__NVIC_GetPriorityGrouping             0x08002ea8   Section        0  stm32f1xx_hal_cortex.o(i.__NVIC_GetPriorityGrouping)
    __NVIC_GetPriorityGrouping               0x08002ea9   Thumb Code    10  stm32f1xx_hal_cortex.o(i.__NVIC_GetPriorityGrouping)
    i.__NVIC_SetPriority                     0x08002eb8   Section        0  stm32f1xx_hal_cortex.o(i.__NVIC_SetPriority)
    __NVIC_SetPriority                       0x08002eb9   Thumb Code    32  stm32f1xx_hal_cortex.o(i.__NVIC_SetPriority)
    i.__scatterload_copy                     0x08002ee0   Section       14  handlers.o(i.__scatterload_copy)
    i.__scatterload_null                     0x08002eee   Section        2  handlers.o(i.__scatterload_null)
    i.__scatterload_zeroinit                 0x08002ef0   Section       14  handlers.o(i.__scatterload_zeroinit)
    i._fp_digits                             0x08002f00   Section        0  printfa.o(i._fp_digits)
    _fp_digits                               0x08002f01   Thumb Code   366  printfa.o(i._fp_digits)
    i._printf_core                           0x08003084   Section        0  printfa.o(i._printf_core)
    _printf_core                             0x08003085   Thumb Code  1744  printfa.o(i._printf_core)
    i._printf_post_padding                   0x08003760   Section        0  printfa.o(i._printf_post_padding)
    _printf_post_padding                     0x08003761   Thumb Code    36  printfa.o(i._printf_post_padding)
    i._printf_pre_padding                    0x08003784   Section        0  printfa.o(i._printf_pre_padding)
    _printf_pre_padding                      0x08003785   Thumb Code    46  printfa.o(i._printf_pre_padding)
    i.ajust_position                         0x080037b4   Section        0  bsp_tracers.o(i.ajust_position)
    i.ajust_position_to_e                    0x08003894   Section        0  bsp_tracers.o(i.ajust_position_to_e)
    i.ajust_position_to_g                    0x08003930   Section        0  bsp_tracers.o(i.ajust_position_to_g)
    i.ajust_position_to_g_test_edition       0x080039ac   Section        0  bsp_tracers.o(i.ajust_position_to_g_test_edition)
    i.catch_g_goods_judge                    0x08003a34   Section        0  bsp_action.o(i.catch_g_goods_judge)
    i.changeFunc                             0x08003ae8   Section        0  bsp_wondercam.o(i.changeFunc)
    i.classIdOfMaxProb                       0x08003b24   Section        0  bsp_wondercam.o(i.classIdOfMaxProb)
    i.classMaxProb                           0x08003b40   Section        0  bsp_wondercam.o(i.classMaxProb)
    i.currentFunc                            0x08003b84   Section        0  bsp_wondercam.o(i.currentFunc)
    i.first_step                             0x08003b98   Section        0  bsp_trailing.o(i.first_step)
    i.first_step_with_car                    0x08003c04   Section        0  bsp_trailing.o(i.first_step_with_car)
    i.for_delay                              0x08003c10   Section        0  bsp_dial.o(i.for_delay)
    i.fputc                                  0x08003c8c   Section        0  bsp_debug_usart.o(i.fputc)
    i.get_g_path_auto_shop                   0x08003ca8   Section        0  bsp_path.o(i.get_g_path_auto_shop)
    i.get_g_path_auto_shop_mini              0x08003d84   Section        0  bsp_path.o(i.get_g_path_auto_shop_mini)
    i.get_g_path_auto_shop_restart           0x08003e40   Section        0  bsp_path.o(i.get_g_path_auto_shop_restart)
    i.get_g_path_auto_shop_with_g_judge      0x08003eec   Section        0  bsp_path.o(i.get_g_path_auto_shop_with_g_judge)
    i.get_g_path_auto_shop_with_move_count   0x08003fc8   Section        0  bsp_path.o(i.get_g_path_auto_shop_with_move_count)
    i.get_position                           0x080040c8   Section        0  bsp_tracers.o(i.get_position)
    i.get_shop_car                           0x08004140   Section        0  bsp_tracers.o(i.get_shop_car)
    i.go_straight_to_normal_position2        0x08004190   Section        0  bsp_tracers.o(i.go_straight_to_normal_position2)
    i.go_to_catch_g_goods_judge              0x08004320   Section        0  bsp_action.o(i.go_to_catch_g_goods_judge)
    i.go_to_catch_g_goods_judge_count        0x080043e0   Section        0  bsp_action.o(i.go_to_catch_g_goods_judge_count)
    i.go_to_catch_g_goods_vison_judge        0x080044b4   Section        0  bsp_action.o(i.go_to_catch_g_goods_vison_judge)
    i.go_to_certain_position                 0x08004574   Section        0  bsp_tracers.o(i.go_to_certain_position)
    i.go_to_certain_position_test_edition    0x080045b8   Section        0  bsp_tracers.o(i.go_to_certain_position_test_edition)
    i.go_to_e_corner_position                0x080045fc   Section        0  bsp_tracers.o(i.go_to_e_corner_position)
    i.go_to_e_main_position                  0x080046d0   Section        0  bsp_tracers.o(i.go_to_e_main_position)
    i.go_to_normal_position_no_ajust         0x08004740   Section        0  bsp_tracers.o(i.go_to_normal_position_no_ajust)
    i.left_E                                 0x080047e4   Section        0  bsp_tracers.o(i.left_E)
    i.left_turn                              0x08004894   Section        0  bsp_motor_control.o(i.left_turn)
    i.main                                   0x080048bc   Section        0  main.o(i.main)
    i.motor_control_Certain_Step_ahead       0x08004918   Section        0  bsp_trailing.o(i.motor_control_Certain_Step_ahead)
    i.motor_control_Certain_Step_back        0x08004a48   Section        0  bsp_trailing.o(i.motor_control_Certain_Step_back)
    i.motor_control_Gostraight_ahead         0x08004b64   Section        0  bsp_trailing.o(i.motor_control_Gostraight_ahead)
    i.motor_control_Gostraight_ahead_control 0x08004b82   Section        0  bsp_trailing.o(i.motor_control_Gostraight_ahead_control)
    i.motor_control_Gostraight_back          0x08004ba4   Section        0  bsp_trailing.o(i.motor_control_Gostraight_back)
    i.motor_control_Gostraight_back_control  0x08004bc2   Section        0  bsp_trailing.o(i.motor_control_Gostraight_back_control)
    i.motor_control_Left_correct             0x08004be4   Section        0  bsp_trailing.o(i.motor_control_Left_correct)
    i.motor_control_Right_correct            0x08004cd0   Section        0  bsp_trailing.o(i.motor_control_Right_correct)
    i.motor_control_away_back                0x08004e00   Section        0  bsp_trailing.o(i.motor_control_away_back)
    i.motor_control_close_ahead              0x08004e84   Section        0  bsp_trailing.o(i.motor_control_close_ahead)
    i.motor_init                             0x08004f20   Section        0  bsp_motor_control.o(i.motor_init)
    i.near_E                                 0x08004f30   Section        0  bsp_tracers.o(i.near_E)
    i.path_chose                             0x08004fd0   Section        0  bsp_dial.o(i.path_chose)
    i.pid_motor_speed                        0x080051c8   Section        0  bsp_trailing.o(i.pid_motor_speed)
    pid_motor_speed                          0x080051c9   Thumb Code   862  bsp_trailing.o(i.pid_motor_speed)
    i.pid_motor_speed_control                0x08005534   Section        0  bsp_trailing.o(i.pid_motor_speed_control)
    pid_motor_speed_control                  0x08005535   Thumb Code   860  bsp_trailing.o(i.pid_motor_speed_control)
    i.point_ajust                            0x0800589c   Section        0  bsp_tracers.o(i.point_ajust)
    i.readByte                               0x08005960   Section        0  bsp_wondercam.o(i.readByte)
    i.readFromAddr                           0x080059a8   Section        0  bsp_wondercam.o(i.readFromAddr)
    i.receiveHandle                          0x080059d8   Section        0  bsp_lobotservocontroller.o(i.receiveHandle)
    i.right_turn                             0x08005a84   Section        0  bsp_motor_control.o(i.right_turn)
    i.runActionGroup                         0x08005aac   Section        0  bsp_lobotservocontroller.o(i.runActionGroup)
    i.scanf_dial_data                        0x08005b20   Section        0  bsp_dial.o(i.scanf_dial_data)
    i.scanf_trailing_data                    0x08005ba0   Section        0  bsp_trailing.o(i.scanf_trailing_data)
    i.setLed                                 0x08005d60   Section        0  bsp_wondercam.o(i.setLed)
    i.set_motor1_direction                   0x08005d84   Section        0  bsp_motor_control.o(i.set_motor1_direction)
    i.set_motor1_enable                      0x08005dc4   Section        0  bsp_motor_control.o(i.set_motor1_enable)
    i.set_motor1_speed                       0x08005dd4   Section        0  bsp_motor_control.o(i.set_motor1_speed)
    i.set_motor2_direction                   0x08005dec   Section        0  bsp_motor_control.o(i.set_motor2_direction)
    i.set_motor2_enable                      0x08005e30   Section        0  bsp_motor_control.o(i.set_motor2_enable)
    i.set_motor2_speed                       0x08005e40   Section        0  bsp_motor_control.o(i.set_motor2_speed)
    i.stop                                   0x08005e58   Section        0  bsp_motor_control.o(i.stop)
    i.uartWriteBuf                           0x08005e74   Section        0  bsp_usart.o(i.uartWriteBuf)
    i.updateResult                           0x08005ea8   Section        0  bsp_wondercam.o(i.updateResult)
    i.visual_identity                        0x08005f58   Section        0  bsp_vision.o(i.visual_identity)
    i.visual_identity_judge                  0x0800607c   Section        0  bsp_vision.o(i.visual_identity_judge)
    i.writeToAddr                            0x080061c0   Section        0  bsp_wondercam.o(i.writeToAddr)
    .constdata                               0x0800620c   Section       24  system_stm32f1xx.o(.constdata)
    .data                                    0x20000000   Section        4  system_stm32f1xx.o(.data)
    .data                                    0x20000004   Section        9  stm32f1xx_hal.o(.data)
    .data                                    0x2000000d   Section        5  stm32f1xx_it.o(.data)
    isGotFrameHeader                         0x2000000e   Data           1  stm32f1xx_it.o(.data)
    frameHeaderCount                         0x2000000f   Data           1  stm32f1xx_it.o(.data)
    dataLength                               0x20000010   Data           1  stm32f1xx_it.o(.data)
    dataCount                                0x20000011   Data           1  stm32f1xx_it.o(.data)
    .data                                    0x20000012   Section        8  bsp_motor_control.o(.data)
    direction                                0x20000012   Data           1  bsp_motor_control.o(.data)
    dutyfactor                               0x20000014   Data           2  bsp_motor_control.o(.data)
    direction2                               0x20000016   Data           1  bsp_motor_control.o(.data)
    dutyfactor2                              0x20000018   Data           2  bsp_motor_control.o(.data)
    .data                                    0x2000001a   Section        2  bsp_debug_usart.o(.data)
    .data                                    0x2000001c   Section       60  bsp_trailing.o(.data)
    .data                                    0x20000058   Section       12  bsp_tracers.o(.data)
    .data                                    0x20000064   Section        5  bsp_lobotservocontroller.o(.data)
    .data                                    0x20000069   Section        1  bsp_wondercam.o(.data)
    .data                                    0x2000006a   Section        4  bsp_delay.o(.data)
    fac_us                                   0x2000006a   Data           1  bsp_delay.o(.data)
    fac_ms                                   0x2000006c   Data           2  bsp_delay.o(.data)
    .data                                    0x20000070   Section        4  stdout.o(.data)
    .bss                                     0x20000074   Section       64  stm32f1xx_it.o(.bss)
    .bss                                     0x200000b4   Section       32  bsp_dial.o(.bss)
    .bss                                     0x200000d4   Section      320  bsp_debug_usart.o(.bss)
    .bss                                     0x20000214   Section      128  bsp_trailing.o(.bss)
    .bss                                     0x20000294   Section      160  bsp_lobotservocontroller.o(.bss)
    .bss                                     0x20000334   Section      320  bsp_usart.o(.bss)
    .bss                                     0x20000474   Section      128  bsp_wondercam.o(.bss)
    .bss                                     0x200004f4   Section      128  bsp_motor_tim.o(.bss)
    STACK                                    0x20000578   Section     1024  startup_stm32f103xe.o(STACK)

    Global Symbols

    Symbol Name                              Value     Ov Type        Size  Object(Section)

    BuildAttributes$$THM_ISAv4$P$D$K$B$S$PE$A:L22UL41UL21$X:L11$S22US41US21$IEEE1$IW$USESV6$~STKCKD$USESV7$~SHL$OTIME$ROPI$EBA8$MICROLIB$REQ8$PRES8$EABIv2 0x00000000   Number         0  anon$$obj.o ABSOLUTE
    __ARM_use_no_argv                        0x00000000   Number         0  main.o ABSOLUTE
    _printf_a                                0x00000000   Number         0  stubs.o ABSOLUTE
    _printf_c                                0x00000000   Number         0  stubs.o ABSOLUTE
    _printf_charcount                        0x00000000   Number         0  stubs.o ABSOLUTE
    _printf_d                                0x00000000   Number         0  stubs.o ABSOLUTE
    _printf_e                                0x00000000   Number         0  stubs.o ABSOLUTE
    _printf_f                                0x00000000   Number         0  stubs.o ABSOLUTE
    _printf_flags                            0x00000000   Number         0  stubs.o ABSOLUTE
    _printf_fp_dec                           0x00000000   Number         0  stubs.o ABSOLUTE
    _printf_fp_hex                           0x00000000   Number         0  stubs.o ABSOLUTE
    _printf_g                                0x00000000   Number         0  stubs.o ABSOLUTE
    _printf_i                                0x00000000   Number         0  stubs.o ABSOLUTE
    _printf_int_dec                          0x00000000   Number         0  stubs.o ABSOLUTE
    _printf_l                                0x00000000   Number         0  stubs.o ABSOLUTE
    _printf_lc                               0x00000000   Number         0  stubs.o ABSOLUTE
    _printf_ll                               0x00000000   Number         0  stubs.o ABSOLUTE
    _printf_lld                              0x00000000   Number         0  stubs.o ABSOLUTE
    _printf_lli                              0x00000000   Number         0  stubs.o ABSOLUTE
    _printf_llo                              0x00000000   Number         0  stubs.o ABSOLUTE
    _printf_llu                              0x00000000   Number         0  stubs.o ABSOLUTE
    _printf_llx                              0x00000000   Number         0  stubs.o ABSOLUTE
    _printf_longlong_dec                     0x00000000   Number         0  stubs.o ABSOLUTE
    _printf_longlong_hex                     0x00000000   Number         0  stubs.o ABSOLUTE
    _printf_longlong_oct                     0x00000000   Number         0  stubs.o ABSOLUTE
    _printf_ls                               0x00000000   Number         0  stubs.o ABSOLUTE
    _printf_mbtowc                           0x00000000   Number         0  stubs.o ABSOLUTE
    _printf_n                                0x00000000   Number         0  stubs.o ABSOLUTE
    _printf_o                                0x00000000   Number         0  stubs.o ABSOLUTE
    _printf_p                                0x00000000   Number         0  stubs.o ABSOLUTE
    _printf_percent                          0x00000000   Number         0  stubs.o ABSOLUTE
    _printf_pre_padding                      0x00000000   Number         0  stubs.o ABSOLUTE
    _printf_return_value                     0x00000000   Number         0  stubs.o ABSOLUTE
    _printf_s                                0x00000000   Number         0  stubs.o ABSOLUTE
    _printf_sizespec                         0x00000000   Number         0  stubs.o ABSOLUTE
    _printf_str                              0x00000000   Number         0  stubs.o ABSOLUTE
    _printf_truncate_signed                  0x00000000   Number         0  stubs.o ABSOLUTE
    _printf_truncate_unsigned                0x00000000   Number         0  stubs.o ABSOLUTE
    _printf_u                                0x00000000   Number         0  stubs.o ABSOLUTE
    _printf_wc                               0x00000000   Number         0  stubs.o ABSOLUTE
    _printf_wctomb                           0x00000000   Number         0  stubs.o ABSOLUTE
    _printf_widthprec                        0x00000000   Number         0  stubs.o ABSOLUTE
    _printf_x                                0x00000000   Number         0  stubs.o ABSOLUTE
    __cpp_initialize__aeabi_                  - Undefined Weak Reference
    __cxa_finalize                            - Undefined Weak Reference
    __decompress                              - Undefined Weak Reference
    _clock_init                               - Undefined Weak Reference
    _microlib_exit                            - Undefined Weak Reference
    __Vectors_Size                           0x00000130   Number         0  startup_stm32f103xe.o ABSOLUTE
    __Vectors                                0x08000000   Data           4  startup_stm32f103xe.o(RESET)
    __Vectors_End                            0x08000130   Data           0  startup_stm32f103xe.o(RESET)
    __main                                   0x08000131   Thumb Code     0  entry.o(.ARM.Collect$$$$00000000)
    _main_stk                                0x08000131   Thumb Code     0  entry2.o(.ARM.Collect$$$$00000001)
    _main_scatterload                        0x08000135   Thumb Code     0  entry5.o(.ARM.Collect$$$$00000004)
    __main_after_scatterload                 0x08000139   Thumb Code     0  entry5.o(.ARM.Collect$$$$00000004)
    _main_clock                              0x08000139   Thumb Code     0  entry7b.o(.ARM.Collect$$$$00000008)
    _main_cpp_init                           0x08000139   Thumb Code     0  entry8b.o(.ARM.Collect$$$$0000000A)
    _main_init                               0x08000139   Thumb Code     0  entry9a.o(.ARM.Collect$$$$0000000B)
    __rt_final_cpp                           0x08000141   Thumb Code     0  entry10a.o(.ARM.Collect$$$$0000000D)
    __rt_final_exit                          0x08000141   Thumb Code     0  entry11a.o(.ARM.Collect$$$$0000000F)
    Reset_Handler                            0x08000145   Thumb Code     8  startup_stm32f103xe.o(.text)
    ADC1_2_IRQHandler                        0x0800015f   Thumb Code     0  startup_stm32f103xe.o(.text)
    ADC3_IRQHandler                          0x0800015f   Thumb Code     0  startup_stm32f103xe.o(.text)
    CAN1_RX1_IRQHandler                      0x0800015f   Thumb Code     0  startup_stm32f103xe.o(.text)
    CAN1_SCE_IRQHandler                      0x0800015f   Thumb Code     0  startup_stm32f103xe.o(.text)
    DMA1_Channel1_IRQHandler                 0x0800015f   Thumb Code     0  startup_stm32f103xe.o(.text)
    DMA1_Channel2_IRQHandler                 0x0800015f   Thumb Code     0  startup_stm32f103xe.o(.text)
    DMA1_Channel3_IRQHandler                 0x0800015f   Thumb Code     0  startup_stm32f103xe.o(.text)
    DMA1_Channel4_IRQHandler                 0x0800015f   Thumb Code     0  startup_stm32f103xe.o(.text)
    DMA1_Channel5_IRQHandler                 0x0800015f   Thumb Code     0  startup_stm32f103xe.o(.text)
    DMA1_Channel6_IRQHandler                 0x0800015f   Thumb Code     0  startup_stm32f103xe.o(.text)
    DMA1_Channel7_IRQHandler                 0x0800015f   Thumb Code     0  startup_stm32f103xe.o(.text)
    DMA2_Channel1_IRQHandler                 0x0800015f   Thumb Code     0  startup_stm32f103xe.o(.text)
    DMA2_Channel2_IRQHandler                 0x0800015f   Thumb Code     0  startup_stm32f103xe.o(.text)
    DMA2_Channel3_IRQHandler                 0x0800015f   Thumb Code     0  startup_stm32f103xe.o(.text)
    DMA2_Channel4_5_IRQHandler               0x0800015f   Thumb Code     0  startup_stm32f103xe.o(.text)
    EXTI0_IRQHandler                         0x0800015f   Thumb Code     0  startup_stm32f103xe.o(.text)
    EXTI15_10_IRQHandler                     0x0800015f   Thumb Code     0  startup_stm32f103xe.o(.text)
    EXTI1_IRQHandler                         0x0800015f   Thumb Code     0  startup_stm32f103xe.o(.text)
    EXTI2_IRQHandler                         0x0800015f   Thumb Code     0  startup_stm32f103xe.o(.text)
    EXTI3_IRQHandler                         0x0800015f   Thumb Code     0  startup_stm32f103xe.o(.text)
    EXTI4_IRQHandler                         0x0800015f   Thumb Code     0  startup_stm32f103xe.o(.text)
    EXTI9_5_IRQHandler                       0x0800015f   Thumb Code     0  startup_stm32f103xe.o(.text)
    FLASH_IRQHandler                         0x0800015f   Thumb Code     0  startup_stm32f103xe.o(.text)
    FSMC_IRQHandler                          0x0800015f   Thumb Code     0  startup_stm32f103xe.o(.text)
    I2C1_ER_IRQHandler                       0x0800015f   Thumb Code     0  startup_stm32f103xe.o(.text)
    I2C1_EV_IRQHandler                       0x0800015f   Thumb Code     0  startup_stm32f103xe.o(.text)
    I2C2_ER_IRQHandler                       0x0800015f   Thumb Code     0  startup_stm32f103xe.o(.text)
    I2C2_EV_IRQHandler                       0x0800015f   Thumb Code     0  startup_stm32f103xe.o(.text)
    PVD_IRQHandler                           0x0800015f   Thumb Code     0  startup_stm32f103xe.o(.text)
    RCC_IRQHandler                           0x0800015f   Thumb Code     0  startup_stm32f103xe.o(.text)
    RTC_Alarm_IRQHandler                     0x0800015f   Thumb Code     0  startup_stm32f103xe.o(.text)
    RTC_IRQHandler                           0x0800015f   Thumb Code     0  startup_stm32f103xe.o(.text)
    SDIO_IRQHandler                          0x0800015f   Thumb Code     0  startup_stm32f103xe.o(.text)
    SPI1_IRQHandler                          0x0800015f   Thumb Code     0  startup_stm32f103xe.o(.text)
    SPI2_IRQHandler                          0x0800015f   Thumb Code     0  startup_stm32f103xe.o(.text)
    SPI3_IRQHandler                          0x0800015f   Thumb Code     0  startup_stm32f103xe.o(.text)
    TAMPER_IRQHandler                        0x0800015f   Thumb Code     0  startup_stm32f103xe.o(.text)
    TIM1_BRK_IRQHandler                      0x0800015f   Thumb Code     0  startup_stm32f103xe.o(.text)
    TIM1_CC_IRQHandler                       0x0800015f   Thumb Code     0  startup_stm32f103xe.o(.text)
    TIM1_TRG_COM_IRQHandler                  0x0800015f   Thumb Code     0  startup_stm32f103xe.o(.text)
    TIM1_UP_IRQHandler                       0x0800015f   Thumb Code     0  startup_stm32f103xe.o(.text)
    TIM2_IRQHandler                          0x0800015f   Thumb Code     0  startup_stm32f103xe.o(.text)
    TIM3_IRQHandler                          0x0800015f   Thumb Code     0  startup_stm32f103xe.o(.text)
    TIM4_IRQHandler                          0x0800015f   Thumb Code     0  startup_stm32f103xe.o(.text)
    TIM5_IRQHandler                          0x0800015f   Thumb Code     0  startup_stm32f103xe.o(.text)
    TIM6_IRQHandler                          0x0800015f   Thumb Code     0  startup_stm32f103xe.o(.text)
    TIM7_IRQHandler                          0x0800015f   Thumb Code     0  startup_stm32f103xe.o(.text)
    TIM8_BRK_IRQHandler                      0x0800015f   Thumb Code     0  startup_stm32f103xe.o(.text)
    TIM8_CC_IRQHandler                       0x0800015f   Thumb Code     0  startup_stm32f103xe.o(.text)
    TIM8_TRG_COM_IRQHandler                  0x0800015f   Thumb Code     0  startup_stm32f103xe.o(.text)
    TIM8_UP_IRQHandler                       0x0800015f   Thumb Code     0  startup_stm32f103xe.o(.text)
    UART4_IRQHandler                         0x0800015f   Thumb Code     0  startup_stm32f103xe.o(.text)
    UART5_IRQHandler                         0x0800015f   Thumb Code     0  startup_stm32f103xe.o(.text)
    USART3_IRQHandler                        0x0800015f   Thumb Code     0  startup_stm32f103xe.o(.text)
    USBWakeUp_IRQHandler                     0x0800015f   Thumb Code     0  startup_stm32f103xe.o(.text)
    USB_HP_CAN1_TX_IRQHandler                0x0800015f   Thumb Code     0  startup_stm32f103xe.o(.text)
    USB_LP_CAN1_RX0_IRQHandler               0x0800015f   Thumb Code     0  startup_stm32f103xe.o(.text)
    WWDG_IRQHandler                          0x0800015f   Thumb Code     0  startup_stm32f103xe.o(.text)
    __aeabi_llsr                             0x08000169   Thumb Code    32  llushr.o(.text)
    _ll_ushift_r                             0x08000169   Thumb Code     0  llushr.o(.text)
    __aeabi_memset                           0x08000189   Thumb Code    14  memseta.o(.text)
    __aeabi_memset4                          0x08000189   Thumb Code     0  memseta.o(.text)
    __aeabi_memset8                          0x08000189   Thumb Code     0  memseta.o(.text)
    __aeabi_memclr                           0x08000197   Thumb Code     4  memseta.o(.text)
    __aeabi_memclr4                          0x08000197   Thumb Code     0  memseta.o(.text)
    __aeabi_memclr8                          0x08000197   Thumb Code     0  memseta.o(.text)
    _memset$wrapper                          0x0800019b   Thumb Code    18  memseta.o(.text)
    __aeabi_ddiv                             0x080001ad   Thumb Code   222  ddiv.o(.text)
    __aeabi_i2f                              0x0800028b   Thumb Code    18  fflti.o(.text)
    __aeabi_f2d                              0x0800029d   Thumb Code    38  f2d.o(.text)
    __aeabi_cdrcmple                         0x080002c5   Thumb Code    48  cdrcmple.o(.text)
    __aeabi_d2f                              0x080002f5   Thumb Code    56  d2f.o(.text)
    __aeabi_uidiv                            0x0800032d   Thumb Code     0  uidiv.o(.text)
    __aeabi_uidivmod                         0x0800032d   Thumb Code    44  uidiv.o(.text)
    __aeabi_uldivmod                         0x08000359   Thumb Code    98  uldiv.o(.text)
    __I$use$fp                               0x080003bb   Thumb Code     0  iusefp.o(.text)
    _float_round                             0x080003bb   Thumb Code    18  fepilogue.o(.text)
    _float_epilogue                          0x080003cd   Thumb Code    92  fepilogue.o(.text)
    _double_round                            0x08000429   Thumb Code    30  depilogue.o(.text)
    _double_epilogue                         0x08000447   Thumb Code   156  depilogue.o(.text)
    __aeabi_dadd                             0x080004e3   Thumb Code   322  dadd.o(.text)
    __aeabi_dsub                             0x08000625   Thumb Code     6  dadd.o(.text)
    __aeabi_drsub                            0x0800062b   Thumb Code     6  dadd.o(.text)
    __aeabi_dmul                             0x08000631   Thumb Code   228  dmul.o(.text)
    __aeabi_d2ulz                            0x08000715   Thumb Code    48  dfixul.o(.text)
    __scatterload                            0x08000745   Thumb Code    28  init.o(.text)
    __scatterload_rt2                        0x08000745   Thumb Code     0  init.o(.text)
    __aeabi_llsl                             0x08000769   Thumb Code    30  llshl.o(.text)
    _ll_shift_l                              0x08000769   Thumb Code     0  llshl.o(.text)
    __aeabi_lasr                             0x08000787   Thumb Code    36  llsshr.o(.text)
    _ll_sshift_r                             0x08000787   Thumb Code     0  llsshr.o(.text)
    BusFault_Handler                         0x080007ab   Thumb Code     4  stm32f1xx_it.o(i.BusFault_Handler)
    DEBUG_USART_Config                       0x080007b1   Thumb Code    52  bsp_debug_usart.o(i.DEBUG_USART_Config)
    DIAL_GPIO_Config                         0x080007ed   Thumb Code   180  bsp_dial.o(i.DIAL_GPIO_Config)
    DebugMon_Handler                         0x080008ad   Thumb Code     2  stm32f1xx_it.o(i.DebugMon_Handler)
    DelayMs                                  0x080008b1   Thumb Code    56  bsp_delay.o(i.DelayMs)
    DelayUs                                  0x080008ed   Thumb Code    56  bsp_delay.o(i.DelayUs)
    Dir_con_gpio_config                      0x08000929   Thumb Code   174  bsp_motor_control.o(i.Dir_con_gpio_config)
    HAL_DMA_Abort_IT                         0x080009e1   Thumb Code   414  stm32f1xx_hal_dma.o(i.HAL_DMA_Abort_IT)
    HAL_GPIO_Init                            0x08000b89   Thumb Code   792  stm32f1xx_hal_gpio.o(i.HAL_GPIO_Init)
    HAL_GPIO_ReadPin                         0x08000ec9   Thumb Code    16  stm32f1xx_hal_gpio.o(i.HAL_GPIO_ReadPin)
    HAL_GPIO_WritePin                        0x08000ed9   Thumb Code    12  stm32f1xx_hal_gpio.o(i.HAL_GPIO_WritePin)
    HAL_GetTick                              0x08000ee5   Thumb Code     6  stm32f1xx_hal.o(i.HAL_GetTick)
    HAL_IncTick                              0x08000ef1   Thumb Code    16  stm32f1xx_hal.o(i.HAL_IncTick)
    HAL_Init                                 0x08000f09   Thumb Code    34  stm32f1xx_hal.o(i.HAL_Init)
    HAL_InitTick                             0x08000f31   Thumb Code    64  stm32f1xx_hal.o(i.HAL_InitTick)
    HAL_MspInit                              0x08000f7d   Thumb Code     2  stm32f1xx_hal.o(i.HAL_MspInit)
    HAL_NVIC_EnableIRQ                       0x08000f7f   Thumb Code    32  stm32f1xx_hal_cortex.o(i.HAL_NVIC_EnableIRQ)
    HAL_NVIC_SetPriority                     0x08000f9f   Thumb Code   124  stm32f1xx_hal_cortex.o(i.HAL_NVIC_SetPriority)
    HAL_NVIC_SetPriorityGrouping             0x0800101d   Thumb Code    32  stm32f1xx_hal_cortex.o(i.HAL_NVIC_SetPriorityGrouping)
    HAL_RCC_ClockConfig                      0x08001045   Thumb Code   376  stm32f1xx_hal_rcc.o(i.HAL_RCC_ClockConfig)
    HAL_RCC_GetHCLKFreq                      0x080011d1   Thumb Code     6  stm32f1xx_hal_rcc.o(i.HAL_RCC_GetHCLKFreq)
    HAL_RCC_GetPCLK1Freq                     0x080011dd   Thumb Code    22  stm32f1xx_hal_rcc.o(i.HAL_RCC_GetPCLK1Freq)
    HAL_RCC_GetPCLK2Freq                     0x080011fd   Thumb Code    22  stm32f1xx_hal_rcc.o(i.HAL_RCC_GetPCLK2Freq)
    HAL_RCC_GetSysClockFreq                  0x0800121d   Thumb Code   116  stm32f1xx_hal_rcc.o(i.HAL_RCC_GetSysClockFreq)
    HAL_RCC_OscConfig                        0x080012b1   Thumb Code  1114  stm32f1xx_hal_rcc.o(i.HAL_RCC_OscConfig)
    HAL_SYSTICK_Config                       0x08001715   Thumb Code    52  stm32f1xx_hal_cortex.o(i.HAL_SYSTICK_Config)
    HAL_TIM_PWM_ConfigChannel                0x08001749   Thumb Code   264  stm32f1xx_hal_tim.o(i.HAL_TIM_PWM_ConfigChannel)
    HAL_TIM_PWM_Init                         0x08001851   Thumb Code    52  stm32f1xx_hal_tim.o(i.HAL_TIM_PWM_Init)
    HAL_TIM_PWM_MspInit                      0x08001885   Thumb Code     2  stm32f1xx_hal_tim.o(i.HAL_TIM_PWM_MspInit)
    HAL_TIM_PWM_Start                        0x08001889   Thumb Code    80  stm32f1xx_hal_tim.o(i.HAL_TIM_PWM_Start)
    HAL_UART_ErrorCallback                   0x080018e1   Thumb Code     2  stm32f1xx_hal_uart.o(i.HAL_UART_ErrorCallback)
    HAL_UART_IRQHandler                      0x080018e5   Thumb Code   326  stm32f1xx_hal_uart.o(i.HAL_UART_IRQHandler)
    HAL_UART_Init                            0x08001a31   Thumb Code   114  stm32f1xx_hal_uart.o(i.HAL_UART_Init)
    HAL_UART_MspInit                         0x08001aa5   Thumb Code   364  bsp_debug_usart.o(i.HAL_UART_MspInit)
    HAL_UART_RxCpltCallback                  0x08001c21   Thumb Code     2  stm32f1xx_hal_uart.o(i.HAL_UART_RxCpltCallback)
    HAL_UART_Transmit                        0x08001c23   Thumb Code   214  stm32f1xx_hal_uart.o(i.HAL_UART_Transmit)
    HAL_UART_TxCpltCallback                  0x08001cf9   Thumb Code     2  stm32f1xx_hal_uart.o(i.HAL_UART_TxCpltCallback)
    HardFault_Handler                        0x08001cfb   Thumb Code     4  stm32f1xx_it.o(i.HardFault_Handler)
    IIC_Ack                                  0x08001d01   Thumb Code    66  bsp_iic.o(i.IIC_Ack)
    IIC_Init                                 0x08001d51   Thumb Code    72  bsp_iic.o(i.IIC_Init)
    IIC_NAck                                 0x08001da9   Thumb Code    66  bsp_iic.o(i.IIC_NAck)
    IIC_Read_Byte                            0x08001df9   Thumb Code    98  bsp_iic.o(i.IIC_Read_Byte)
    IIC_Send_Byte                            0x08001e69   Thumb Code    90  bsp_iic.o(i.IIC_Send_Byte)
    IIC_Start                                0x08001ed1   Thumb Code    64  bsp_iic.o(i.IIC_Start)
    IIC_Stop                                 0x08001f1d   Thumb Code    62  bsp_iic.o(i.IIC_Stop)
    IIC_Wait_Ack                             0x08001f69   Thumb Code    90  bsp_iic.o(i.IIC_Wait_Ack)
    InitDelay                                0x08001fd1   Thumb Code    56  bsp_delay.o(i.InitDelay)
    MemManage_Handler                        0x08002011   Thumb Code     4  stm32f1xx_it.o(i.MemManage_Handler)
    NMI_Handler                              0x08002015   Thumb Code     2  stm32f1xx_it.o(i.NMI_Handler)
    PendSV_Handler                           0x08002017   Thumb Code     2  stm32f1xx_it.o(i.PendSV_Handler)
    SERVO_USART_Config                       0x08002041   Thumb Code    68  bsp_usart.o(i.SERVO_USART_Config)
    SVC_Handler                              0x0800208d   Thumb Code     2  stm32f1xx_it.o(i.SVC_Handler)
    SysTick_Handler                          0x0800208f   Thumb Code     8  stm32f1xx_it.o(i.SysTick_Handler)
    SystemInit                               0x080020f9   Thumb Code    70  system_stm32f1xx.o(i.SystemInit)
    TIM1_SetPWM2_pulse                       0x08002151   Thumb Code    52  bsp_motor_tim.o(i.TIM1_SetPWM2_pulse)
    TIM1_SetPWM_pulse                        0x08002189   Thumb Code    52  bsp_motor_tim.o(i.TIM1_SetPWM_pulse)
    TIM_Base_SetConfig                       0x080021c1   Thumb Code   134  stm32f1xx_hal_tim.o(i.TIM_Base_SetConfig)
    TIM_CCxChannelCmd                        0x0800225d   Thumb Code    34  stm32f1xx_hal_tim.o(i.TIM_CCxChannelCmd)
    TIM_OC2_SetConfig                        0x080022f1   Thumb Code   114  stm32f1xx_hal_tim.o(i.TIM_OC2_SetConfig)
    TIMx_Configuration                       0x08002569   Thumb Code    12  bsp_motor_tim.o(i.TIMx_Configuration)
    TIMx_Configuration2                      0x08002575   Thumb Code    12  bsp_motor_tim.o(i.TIMx_Configuration2)
    TRAILING_GPIO_Config                     0x080026a1   Thumb Code   584  bsp_trailing.o(i.TRAILING_GPIO_Config)
    USART1_IRQHandler                        0x08002c79   Thumb Code   194  stm32f1xx_it.o(i.USART1_IRQHandler)
    USART2_IRQHandler                        0x08002d51   Thumb Code   240  stm32f1xx_it.o(i.USART2_IRQHandler)
    UsageFault_Handler                       0x08002e6d   Thumb Code     4  stm32f1xx_it.o(i.UsageFault_Handler)
    Usart_SendByte                           0x08002e71   Thumb Code    18  bsp_debug_usart.o(i.Usart_SendByte)
    __0printf                                0x08002e89   Thumb Code    22  printfa.o(i.__0printf)
    __1printf                                0x08002e89   Thumb Code     0  printfa.o(i.__0printf)
    __2printf                                0x08002e89   Thumb Code     0  printfa.o(i.__0printf)
    __c89printf                              0x08002e89   Thumb Code     0  printfa.o(i.__0printf)
    printf                                   0x08002e89   Thumb Code     0  printfa.o(i.__0printf)
    __scatterload_copy                       0x08002ee1   Thumb Code    14  handlers.o(i.__scatterload_copy)
    __scatterload_null                       0x08002eef   Thumb Code     2  handlers.o(i.__scatterload_null)
    __scatterload_zeroinit                   0x08002ef1   Thumb Code    14  handlers.o(i.__scatterload_zeroinit)
    ajust_position                           0x080037b5   Thumb Code   210  bsp_tracers.o(i.ajust_position)
    ajust_position_to_e                      0x08003895   Thumb Code   146  bsp_tracers.o(i.ajust_position_to_e)
    ajust_position_to_g                      0x08003931   Thumb Code   114  bsp_tracers.o(i.ajust_position_to_g)
    ajust_position_to_g_test_edition         0x080039ad   Thumb Code   126  bsp_tracers.o(i.ajust_position_to_g_test_edition)
    catch_g_goods_judge                      0x08003a35   Thumb Code   180  bsp_action.o(i.catch_g_goods_judge)
    changeFunc                               0x08003ae9   Thumb Code    60  bsp_wondercam.o(i.changeFunc)
    classIdOfMaxProb                         0x08003b25   Thumb Code    20  bsp_wondercam.o(i.classIdOfMaxProb)
    classMaxProb                             0x08003b41   Thumb Code    56  bsp_wondercam.o(i.classMaxProb)
    currentFunc                              0x08003b85   Thumb Code    18  bsp_wondercam.o(i.currentFunc)
    first_step                               0x08003b99   Thumb Code    72  bsp_trailing.o(i.first_step)
    first_step_with_car                      0x08003c05   Thumb Code    12  bsp_trailing.o(i.first_step_with_car)
    for_delay                                0x08003c11   Thumb Code   124  bsp_dial.o(i.for_delay)
    fputc                                    0x08003c8d   Thumb Code    22  bsp_debug_usart.o(i.fputc)
    get_g_path_auto_shop                     0x08003ca9   Thumb Code   206  bsp_path.o(i.get_g_path_auto_shop)
    get_g_path_auto_shop_mini                0x08003d85   Thumb Code   174  bsp_path.o(i.get_g_path_auto_shop_mini)
    get_g_path_auto_shop_restart             0x08003e41   Thumb Code   158  bsp_path.o(i.get_g_path_auto_shop_restart)
    get_g_path_auto_shop_with_g_judge        0x08003eed   Thumb Code   206  bsp_path.o(i.get_g_path_auto_shop_with_g_judge)
    get_g_path_auto_shop_with_move_count     0x08003fc9   Thumb Code   242  bsp_path.o(i.get_g_path_auto_shop_with_move_count)
    get_position                             0x080040c9   Thumb Code   112  bsp_tracers.o(i.get_position)
    get_shop_car                             0x08004141   Thumb Code    72  bsp_tracers.o(i.get_shop_car)
    go_straight_to_normal_position2          0x08004191   Thumb Code   386  bsp_tracers.o(i.go_straight_to_normal_position2)
    go_to_catch_g_goods_judge                0x08004321   Thumb Code   192  bsp_action.o(i.go_to_catch_g_goods_judge)
    go_to_catch_g_goods_judge_count          0x080043e1   Thumb Code   212  bsp_action.o(i.go_to_catch_g_goods_judge_count)
    go_to_catch_g_goods_vison_judge          0x080044b5   Thumb Code   192  bsp_action.o(i.go_to_catch_g_goods_vison_judge)
    go_to_certain_position                   0x08004575   Thumb Code    68  bsp_tracers.o(i.go_to_certain_position)
    go_to_certain_position_test_edition      0x080045b9   Thumb Code    68  bsp_tracers.o(i.go_to_certain_position_test_edition)
    go_to_e_corner_position                  0x080045fd   Thumb Code   202  bsp_tracers.o(i.go_to_e_corner_position)
    go_to_e_main_position                    0x080046d1   Thumb Code   110  bsp_tracers.o(i.go_to_e_main_position)
    go_to_normal_position_no_ajust           0x08004741   Thumb Code   154  bsp_tracers.o(i.go_to_normal_position_no_ajust)
    left_E                                   0x080047e5   Thumb Code   164  bsp_tracers.o(i.left_E)
    left_turn                                0x08004895   Thumb Code    38  bsp_motor_control.o(i.left_turn)
    main                                     0x080048bd   Thumb Code    88  main.o(i.main)
    motor_control_Certain_Step_ahead         0x08004919   Thumb Code   216  bsp_trailing.o(i.motor_control_Certain_Step_ahead)
    motor_control_Certain_Step_back          0x08004a49   Thumb Code   232  bsp_trailing.o(i.motor_control_Certain_Step_back)
    motor_control_Gostraight_ahead           0x08004b65   Thumb Code    30  bsp_trailing.o(i.motor_control_Gostraight_ahead)
    motor_control_Gostraight_ahead_control   0x08004b83   Thumb Code    34  bsp_trailing.o(i.motor_control_Gostraight_ahead_control)
    motor_control_Gostraight_back            0x08004ba5   Thumb Code    30  bsp_trailing.o(i.motor_control_Gostraight_back)
    motor_control_Gostraight_back_control    0x08004bc3   Thumb Code    34  bsp_trailing.o(i.motor_control_Gostraight_back_control)
    motor_control_Left_correct               0x08004be5   Thumb Code   194  bsp_trailing.o(i.motor_control_Left_correct)
    motor_control_Right_correct              0x08004cd1   Thumb Code   212  bsp_trailing.o(i.motor_control_Right_correct)
    motor_control_away_back                  0x08004e01   Thumb Code    86  bsp_trailing.o(i.motor_control_away_back)
    motor_control_close_ahead                0x08004e85   Thumb Code   106  bsp_trailing.o(i.motor_control_close_ahead)
    motor_init                               0x08004f21   Thumb Code    16  bsp_motor_control.o(i.motor_init)
    near_E                                   0x08004f31   Thumb Code   148  bsp_tracers.o(i.near_E)
    path_chose                               0x08004fd1   Thumb Code   310  bsp_dial.o(i.path_chose)
    point_ajust                              0x0800589d   Thumb Code   186  bsp_tracers.o(i.point_ajust)
    readByte                                 0x08005961   Thumb Code    72  bsp_wondercam.o(i.readByte)
    readFromAddr                             0x080059a9   Thumb Code    46  bsp_wondercam.o(i.readFromAddr)
    receiveHandle                            0x080059d9   Thumb Code   122  bsp_lobotservocontroller.o(i.receiveHandle)
    right_turn                               0x08005a85   Thumb Code    38  bsp_motor_control.o(i.right_turn)
    runActionGroup                           0x08005aad   Thumb Code    74  bsp_lobotservocontroller.o(i.runActionGroup)
    scanf_dial_data                          0x08005b21   Thumb Code   116  bsp_dial.o(i.scanf_dial_data)
    scanf_trailing_data                      0x08005ba1   Thumb Code   414  bsp_trailing.o(i.scanf_trailing_data)
    setLed                                   0x08005d61   Thumb Code    32  bsp_wondercam.o(i.setLed)
    set_motor1_direction                     0x08005d85   Thumb Code    56  bsp_motor_control.o(i.set_motor1_direction)
    set_motor1_enable                        0x08005dc5   Thumb Code    12  bsp_motor_control.o(i.set_motor1_enable)
    set_motor1_speed                         0x08005dd5   Thumb Code    18  bsp_motor_control.o(i.set_motor1_speed)
    set_motor2_direction                     0x08005ded   Thumb Code    60  bsp_motor_control.o(i.set_motor2_direction)
    set_motor2_enable                        0x08005e31   Thumb Code    12  bsp_motor_control.o(i.set_motor2_enable)
    set_motor2_speed                         0x08005e41   Thumb Code    18  bsp_motor_control.o(i.set_motor2_speed)
    stop                                     0x08005e59   Thumb Code    28  bsp_motor_control.o(i.stop)
    uartWriteBuf                             0x08005e75   Thumb Code    46  bsp_usart.o(i.uartWriteBuf)
    updateResult                             0x08005ea9   Thumb Code   166  bsp_wondercam.o(i.updateResult)
    visual_identity                          0x08005f59   Thumb Code   282  bsp_vision.o(i.visual_identity)
    visual_identity_judge                    0x0800607d   Thumb Code   314  bsp_vision.o(i.visual_identity_judge)
    writeToAddr                              0x080061c1   Thumb Code    76  bsp_wondercam.o(i.writeToAddr)
    AHBPrescTable                            0x0800620c   Data          16  system_stm32f1xx.o(.constdata)
    APBPrescTable                            0x0800621c   Data           8  system_stm32f1xx.o(.constdata)
    Region$$Table$$Base                      0x08006224   Number         0  anon$$obj.o(Region$$Table)
    Region$$Table$$Limit                     0x08006244   Number         0  anon$$obj.o(Region$$Table)
    SystemCoreClock                          0x20000000   Data           4  system_stm32f1xx.o(.data)
    uwTick                                   0x20000004   Data           4  stm32f1xx_hal.o(.data)
    uwTickPrio                               0x20000008   Data           4  stm32f1xx_hal.o(.data)
    uwTickFreq                               0x2000000c   Data           1  stm32f1xx_hal.o(.data)
    isUartRxCompleted                        0x2000000d   Data           1  stm32f1xx_it.o(.data)
    UART_RxPtr                               0x2000001a   Data           1  bsp_debug_usart.o(.data)
    receive_cmd                              0x2000001b   Data           1  bsp_debug_usart.o(.data)
    icount_Head                              0x2000001c   Data           4  bsp_trailing.o(.data)
    icount_Left                              0x20000020   Data           4  bsp_trailing.o(.data)
    icount_Right                             0x20000024   Data           4  bsp_trailing.o(.data)
    icount_edge1                             0x20000028   Data           4  bsp_trailing.o(.data)
    icount_edge2                             0x2000002c   Data           4  bsp_trailing.o(.data)
    icount_back                              0x20000030   Data           4  bsp_trailing.o(.data)
    icount_mid                               0x20000034   Data           4  bsp_trailing.o(.data)
    j                                        0x20000038   Data           4  bsp_trailing.o(.data)
    i_step                                   0x2000003c   Data           4  bsp_trailing.o(.data)
    Speed_Proportion                         0x20000040   Data          12  bsp_trailing.o(.data)
    Speed_Proportion2                        0x2000004c   Data          12  bsp_trailing.o(.data)
    position_x                               0x20000058   Data           4  bsp_tracers.o(.data)
    position_y                               0x2000005c   Data           4  bsp_tracers.o(.data)
    opposite                                 0x20000060   Data           4  bsp_tracers.o(.data)
    i_cmdstop                                0x20000064   Data           1  bsp_lobotservocontroller.o(.data)
    batteryVolt                              0x20000066   Data           2  bsp_lobotservocontroller.o(.data)
    Servo_CMD_COMPLETE_FLAG                  0x20000068   Data           1  bsp_lobotservocontroller.o(.data)
    current                                  0x20000069   Data           1  bsp_wondercam.o(.data)
    __stdout                                 0x20000070   Data           4  stdout.o(.data)
    UART_RX_BUF                              0x20000074   Data          32  stm32f1xx_it.o(.bss)
    UART_TX_BUF                              0x20000094   Data          32  stm32f1xx_it.o(.bss)
    Dial_data                                0x200000b4   Data          32  bsp_dial.o(.bss)
    Debug_UartHandle                         0x200000d4   Data          64  bsp_debug_usart.o(.bss)
    UART_RxBuffer                            0x20000114   Data         256  bsp_debug_usart.o(.bss)
    Trailing_data                            0x20000214   Data         128  bsp_trailing.o(.bss)
    LobotTxBuf                               0x20000294   Data         128  bsp_lobotservocontroller.o(.bss)
    LobotRxBuf                               0x20000314   Data          16  bsp_lobotservocontroller.o(.bss)
    LobotTxBuf_SALVE                         0x20000324   Data          16  bsp_lobotservocontroller.o(.bss)
    Servo_UartHandle                         0x20000334   Data          64  bsp_usart.o(.bss)
    SERVOUART_RxBuffer                       0x20000374   Data         256  bsp_usart.o(.bss)
    result_summ                              0x20000474   Data         128  bsp_wondercam.o(.bss)
    TIM_TimeBaseStructure                    0x200004f4   Data          64  bsp_motor_tim.o(.bss)
    TIM_TimeBaseStructure2                   0x20000534   Data          64  bsp_motor_tim.o(.bss)
    __initial_sp                             0x20000978   Data           0  startup_stm32f103xe.o(STACK)



==============================================================================

Memory Map of the image

  Image Entry point : 0x08000131

  Load Region LR_IROM1 (Base: 0x08000000, Size: 0x000062b8, Max: 0x00080000, ABSOLUTE)

    Execution Region ER_IROM1 (Exec base: 0x08000000, Load base: 0x08000000, Size: 0x00006244, Max: 0x00080000, ABSOLUTE)

    Exec Addr    Load Addr    Size         Type   Attr      Idx    E Section Name        Object

    0x08000000   0x08000000   0x00000130   Data   RO            3    RESET               startup_stm32f103xe.o
    0x08000130   0x08000130   0x00000000   Code   RO         8900  * .ARM.Collect$$$$00000000  mc_w.l(entry.o)
    0x08000130   0x08000130   0x00000004   Code   RO         9182    .ARM.Collect$$$$00000001  mc_w.l(entry2.o)
    0x08000134   0x08000134   0x00000004   Code   RO         9185    .ARM.Collect$$$$00000004  mc_w.l(entry5.o)
    0x08000138   0x08000138   0x00000000   Code   RO         9187    .ARM.Collect$$$$00000008  mc_w.l(entry7b.o)
    0x08000138   0x08000138   0x00000000   Code   RO         9189    .ARM.Collect$$$$0000000A  mc_w.l(entry8b.o)
    0x08000138   0x08000138   0x00000008   Code   RO         9190    .ARM.Collect$$$$0000000B  mc_w.l(entry9a.o)
    0x08000140   0x08000140   0x00000000   Code   RO         9192    .ARM.Collect$$$$0000000D  mc_w.l(entry10a.o)
    0x08000140   0x08000140   0x00000000   Code   RO         9194    .ARM.Collect$$$$0000000F  mc_w.l(entry11a.o)
    0x08000140   0x08000140   0x00000004   Code   RO         9183    .ARM.Collect$$$$00002712  mc_w.l(entry2.o)
    0x08000144   0x08000144   0x00000024   Code   RO            4    .text               startup_stm32f103xe.o
    0x08000168   0x08000168   0x00000020   Code   RO         8903    .text               mc_w.l(llushr.o)
    0x08000188   0x08000188   0x00000024   Code   RO         8907    .text               mc_w.l(memseta.o)
    0x080001ac   0x080001ac   0x000000de   Code   RO         9172    .text               mf_w.l(ddiv.o)
    0x0800028a   0x0800028a   0x00000012   Code   RO         9174    .text               mf_w.l(fflti.o)
    0x0800029c   0x0800029c   0x00000026   Code   RO         9176    .text               mf_w.l(f2d.o)
    0x080002c2   0x080002c2   0x00000002   PAD
    0x080002c4   0x080002c4   0x00000030   Code   RO         9178    .text               mf_w.l(cdrcmple.o)
    0x080002f4   0x080002f4   0x00000038   Code   RO         9180    .text               mf_w.l(d2f.o)
    0x0800032c   0x0800032c   0x0000002c   Code   RO         9197    .text               mc_w.l(uidiv.o)
    0x08000358   0x08000358   0x00000062   Code   RO         9199    .text               mc_w.l(uldiv.o)
    0x080003ba   0x080003ba   0x00000000   Code   RO         9201    .text               mc_w.l(iusefp.o)
    0x080003ba   0x080003ba   0x0000006e   Code   RO         9202    .text               mf_w.l(fepilogue.o)
    0x08000428   0x08000428   0x000000ba   Code   RO         9204    .text               mf_w.l(depilogue.o)
    0x080004e2   0x080004e2   0x0000014e   Code   RO         9206    .text               mf_w.l(dadd.o)
    0x08000630   0x08000630   0x000000e4   Code   RO         9208    .text               mf_w.l(dmul.o)
    0x08000714   0x08000714   0x00000030   Code   RO         9210    .text               mf_w.l(dfixul.o)
    0x08000744   0x08000744   0x00000024   Code   RO         9212    .text               mc_w.l(init.o)
    0x08000768   0x08000768   0x0000001e   Code   RO         9214    .text               mc_w.l(llshl.o)
    0x08000786   0x08000786   0x00000024   Code   RO         9216    .text               mc_w.l(llsshr.o)
    0x080007aa   0x080007aa   0x00000004   Code   RO         7195    i.BusFault_Handler  stm32f1xx_it.o
    0x080007ae   0x080007ae   0x00000002   PAD
    0x080007b0   0x080007b0   0x0000003c   Code   RO         7893    i.DEBUG_USART_Config  Vince_F103ZE.lib(bsp_debug_usart.o)
    0x080007ec   0x080007ec   0x000000c0   Code   RO         7557    i.DIAL_GPIO_Config  bsp_dial.o
    0x080008ac   0x080008ac   0x00000002   Code   RO         7196    i.DebugMon_Handler  stm32f1xx_it.o
    0x080008ae   0x080008ae   0x00000002   PAD
    0x080008b0   0x080008b0   0x0000003c   Code   RO         8731    i.DelayMs           Vince_F103ZE.lib(bsp_delay.o)
    0x080008ec   0x080008ec   0x0000003c   Code   RO         8732    i.DelayUs           Vince_F103ZE.lib(bsp_delay.o)
    0x08000928   0x08000928   0x000000b8   Code   RO         7617    i.Dir_con_gpio_config  Vince_F103ZE.lib(bsp_motor_control.o)
    0x080009e0   0x080009e0   0x000001a8   Code   RO         1327    i.HAL_DMA_Abort_IT  stm32f1xx_hal_dma.o
    0x08000b88   0x08000b88   0x00000340   Code   RO         1650    i.HAL_GPIO_Init     stm32f1xx_hal_gpio.o
    0x08000ec8   0x08000ec8   0x00000010   Code   RO         1652    i.HAL_GPIO_ReadPin  stm32f1xx_hal_gpio.o
    0x08000ed8   0x08000ed8   0x0000000c   Code   RO         1654    i.HAL_GPIO_WritePin  stm32f1xx_hal_gpio.o
    0x08000ee4   0x08000ee4   0x0000000c   Code   RO          220    i.HAL_GetTick       stm32f1xx_hal.o
    0x08000ef0   0x08000ef0   0x00000018   Code   RO          226    i.HAL_IncTick       stm32f1xx_hal.o
    0x08000f08   0x08000f08   0x00000028   Code   RO          227    i.HAL_Init          stm32f1xx_hal.o
    0x08000f30   0x08000f30   0x0000004c   Code   RO          228    i.HAL_InitTick      stm32f1xx_hal.o
    0x08000f7c   0x08000f7c   0x00000002   Code   RO          230    i.HAL_MspInit       stm32f1xx_hal.o
    0x08000f7e   0x08000f7e   0x00000020   Code   RO          917    i.HAL_NVIC_EnableIRQ  stm32f1xx_hal_cortex.o
    0x08000f9e   0x08000f9e   0x0000007c   Code   RO          923    i.HAL_NVIC_SetPriority  stm32f1xx_hal_cortex.o
    0x0800101a   0x0800101a   0x00000002   PAD
    0x0800101c   0x0800101c   0x00000028   Code   RO          924    i.HAL_NVIC_SetPriorityGrouping  stm32f1xx_hal_cortex.o
    0x08001044   0x08001044   0x0000018c   Code   RO         3519    i.HAL_RCC_ClockConfig  stm32f1xx_hal_rcc.o
    0x080011d0   0x080011d0   0x0000000c   Code   RO         3524    i.HAL_RCC_GetHCLKFreq  stm32f1xx_hal_rcc.o
    0x080011dc   0x080011dc   0x00000020   Code   RO         3526    i.HAL_RCC_GetPCLK1Freq  stm32f1xx_hal_rcc.o
    0x080011fc   0x080011fc   0x00000020   Code   RO         3527    i.HAL_RCC_GetPCLK2Freq  stm32f1xx_hal_rcc.o
    0x0800121c   0x0800121c   0x00000094   Code   RO         3528    i.HAL_RCC_GetSysClockFreq  stm32f1xx_hal_rcc.o
    0x080012b0   0x080012b0   0x00000464   Code   RO         3531    i.HAL_RCC_OscConfig  stm32f1xx_hal_rcc.o
    0x08001714   0x08001714   0x00000034   Code   RO          928    i.HAL_SYSTICK_Config  stm32f1xx_hal_cortex.o
    0x08001748   0x08001748   0x00000108   Code   RO         4988    i.HAL_TIM_PWM_ConfigChannel  stm32f1xx_hal_tim.o
    0x08001850   0x08001850   0x00000034   Code   RO         4991    i.HAL_TIM_PWM_Init  stm32f1xx_hal_tim.o
    0x08001884   0x08001884   0x00000002   Code   RO         4993    i.HAL_TIM_PWM_MspInit  stm32f1xx_hal_tim.o
    0x08001886   0x08001886   0x00000002   PAD
    0x08001888   0x08001888   0x00000058   Code   RO         4996    i.HAL_TIM_PWM_Start  stm32f1xx_hal_tim.o
    0x080018e0   0x080018e0   0x00000002   Code   RO         5879    i.HAL_UART_ErrorCallback  stm32f1xx_hal_uart.o
    0x080018e2   0x080018e2   0x00000002   PAD
    0x080018e4   0x080018e4   0x0000014c   Code   RO         5882    i.HAL_UART_IRQHandler  stm32f1xx_hal_uart.o
    0x08001a30   0x08001a30   0x00000072   Code   RO         5883    i.HAL_UART_Init     stm32f1xx_hal_uart.o
    0x08001aa2   0x08001aa2   0x00000002   PAD
    0x08001aa4   0x08001aa4   0x0000017c   Code   RO         7894    i.HAL_UART_MspInit  Vince_F103ZE.lib(bsp_debug_usart.o)
    0x08001c20   0x08001c20   0x00000002   Code   RO         5889    i.HAL_UART_RxCpltCallback  stm32f1xx_hal_uart.o
    0x08001c22   0x08001c22   0x000000d6   Code   RO         5891    i.HAL_UART_Transmit  stm32f1xx_hal_uart.o
    0x08001cf8   0x08001cf8   0x00000002   Code   RO         5894    i.HAL_UART_TxCpltCallback  stm32f1xx_hal_uart.o
    0x08001cfa   0x08001cfa   0x00000004   Code   RO         7197    i.HardFault_Handler  stm32f1xx_it.o
    0x08001cfe   0x08001cfe   0x00000002   PAD
    0x08001d00   0x08001d00   0x00000050   Code   RO         8769    i.IIC_Ack           Vince_F103ZE.lib(bsp_iic.o)
    0x08001d50   0x08001d50   0x00000058   Code   RO         8770    i.IIC_Init          Vince_F103ZE.lib(bsp_iic.o)
    0x08001da8   0x08001da8   0x00000050   Code   RO         8771    i.IIC_NAck          Vince_F103ZE.lib(bsp_iic.o)
    0x08001df8   0x08001df8   0x00000070   Code   RO         8772    i.IIC_Read_Byte     Vince_F103ZE.lib(bsp_iic.o)
    0x08001e68   0x08001e68   0x00000068   Code   RO         8773    i.IIC_Send_Byte     Vince_F103ZE.lib(bsp_iic.o)
    0x08001ed0   0x08001ed0   0x0000004c   Code   RO         8774    i.IIC_Start         Vince_F103ZE.lib(bsp_iic.o)
    0x08001f1c   0x08001f1c   0x0000004c   Code   RO         8775    i.IIC_Stop          Vince_F103ZE.lib(bsp_iic.o)
    0x08001f68   0x08001f68   0x00000068   Code   RO         8776    i.IIC_Wait_Ack      Vince_F103ZE.lib(bsp_iic.o)
    0x08001fd0   0x08001fd0   0x00000040   Code   RO         8733    i.InitDelay         Vince_F103ZE.lib(bsp_delay.o)
    0x08002010   0x08002010   0x00000004   Code   RO         7198    i.MemManage_Handler  stm32f1xx_it.o
    0x08002014   0x08002014   0x00000002   Code   RO         7199    i.NMI_Handler       stm32f1xx_it.o
    0x08002016   0x08002016   0x00000002   Code   RO         7200    i.PendSV_Handler    stm32f1xx_it.o
    0x08002018   0x08002018   0x00000028   Code   RO         3532    i.RCC_Delay         stm32f1xx_hal_rcc.o
    0x08002040   0x08002040   0x0000004c   Code   RO         8361    i.SERVO_USART_Config  Vince_F103ZE.lib(bsp_usart.o)
    0x0800208c   0x0800208c   0x00000002   Code   RO         7201    i.SVC_Handler       stm32f1xx_it.o
    0x0800208e   0x0800208e   0x00000008   Code   RO         7202    i.SysTick_Handler   stm32f1xx_it.o
    0x08002096   0x08002096   0x00000060   Code   RO         7103    i.SystemClock_Config  main.o
    0x080020f6   0x080020f6   0x00000002   PAD
    0x080020f8   0x080020f8   0x00000058   Code   RO           14    i.SystemInit        system_stm32f1xx.o
    0x08002150   0x08002150   0x00000038   Code   RO         8835    i.TIM1_SetPWM2_pulse  Vince_F103ZE.lib(bsp_motor_tim.o)
    0x08002188   0x08002188   0x00000038   Code   RO         8836    i.TIM1_SetPWM_pulse  Vince_F103ZE.lib(bsp_motor_tim.o)
    0x080021c0   0x080021c0   0x0000009c   Code   RO         5009    i.TIM_Base_SetConfig  stm32f1xx_hal_tim.o
    0x0800225c   0x0800225c   0x00000022   Code   RO         5010    i.TIM_CCxChannelCmd  stm32f1xx_hal_tim.o
    0x0800227e   0x0800227e   0x00000002   PAD
    0x08002280   0x08002280   0x00000070   Code   RO         5022    i.TIM_OC1_SetConfig  stm32f1xx_hal_tim.o
    0x080022f0   0x080022f0   0x0000007c   Code   RO         5023    i.TIM_OC2_SetConfig  stm32f1xx_hal_tim.o
    0x0800236c   0x0800236c   0x00000078   Code   RO         5024    i.TIM_OC3_SetConfig  stm32f1xx_hal_tim.o
    0x080023e4   0x080023e4   0x00000054   Code   RO         5025    i.TIM_OC4_SetConfig  stm32f1xx_hal_tim.o
    0x08002438   0x08002438   0x00000098   Code   RO         8837    i.TIM_PWMOUTPUT2_Config  Vince_F103ZE.lib(bsp_motor_tim.o)
    0x080024d0   0x080024d0   0x00000098   Code   RO         8838    i.TIM_PWMOUTPUT_Config  Vince_F103ZE.lib(bsp_motor_tim.o)
    0x08002568   0x08002568   0x0000000c   Code   RO         8839    i.TIMx_Configuration  Vince_F103ZE.lib(bsp_motor_tim.o)
    0x08002574   0x08002574   0x0000000c   Code   RO         8840    i.TIMx_Configuration2  Vince_F103ZE.lib(bsp_motor_tim.o)
    0x08002580   0x08002580   0x0000009c   Code   RO         8841    i.TIMx_GPIO_Config  Vince_F103ZE.lib(bsp_motor_tim.o)
    0x0800261c   0x0800261c   0x00000084   Code   RO         8842    i.TIMx_GPIO_Config2  Vince_F103ZE.lib(bsp_motor_tim.o)
    0x080026a0   0x080026a0   0x00000268   Code   RO         7962    i.TRAILING_GPIO_Config  Vince_F103ZE.lib(bsp_trailing.o)
    0x08002908   0x08002908   0x00000014   Code   RO         5896    i.UART_DMAAbortOnError  stm32f1xx_hal_uart.o
    0x0800291c   0x0800291c   0x00000020   Code   RO         5906    i.UART_EndRxTransfer  stm32f1xx_hal_uart.o
    0x0800293c   0x0800293c   0x00000020   Code   RO         5907    i.UART_EndTransmit_IT  stm32f1xx_hal_uart.o
    0x0800295c   0x0800295c   0x000000a6   Code   RO         5909    i.UART_Receive_IT   stm32f1xx_hal_uart.o
    0x08002a02   0x08002a02   0x00000002   PAD
    0x08002a04   0x08002a04   0x000001a0   Code   RO         5910    i.UART_SetConfig    stm32f1xx_hal_uart.o
    0x08002ba4   0x08002ba4   0x00000068   Code   RO         5911    i.UART_Transmit_IT  stm32f1xx_hal_uart.o
    0x08002c0c   0x08002c0c   0x0000006c   Code   RO         5912    i.UART_WaitOnFlagUntilTimeout  stm32f1xx_hal_uart.o
    0x08002c78   0x08002c78   0x000000d8   Code   RO         7203    i.USART1_IRQHandler  stm32f1xx_it.o
    0x08002d50   0x08002d50   0x0000011c   Code   RO         7204    i.USART2_IRQHandler  stm32f1xx_it.o
    0x08002e6c   0x08002e6c   0x00000004   Code   RO         7205    i.UsageFault_Handler  stm32f1xx_it.o
    0x08002e70   0x08002e70   0x00000018   Code   RO         7895    i.Usart_SendByte    Vince_F103ZE.lib(bsp_debug_usart.o)
    0x08002e88   0x08002e88   0x00000020   Code   RO         9144    i.__0printf         mc_w.l(printfa.o)
    0x08002ea8   0x08002ea8   0x00000010   Code   RO          930    i.__NVIC_GetPriorityGrouping  stm32f1xx_hal_cortex.o
    0x08002eb8   0x08002eb8   0x00000028   Code   RO          931    i.__NVIC_SetPriority  stm32f1xx_hal_cortex.o
    0x08002ee0   0x08002ee0   0x0000000e   Code   RO         9220    i.__scatterload_copy  mc_w.l(handlers.o)
    0x08002eee   0x08002eee   0x00000002   Code   RO         9221    i.__scatterload_null  mc_w.l(handlers.o)
    0x08002ef0   0x08002ef0   0x0000000e   Code   RO         9222    i.__scatterload_zeroinit  mc_w.l(handlers.o)
    0x08002efe   0x08002efe   0x00000002   PAD
    0x08002f00   0x08002f00   0x00000184   Code   RO         9151    i._fp_digits        mc_w.l(printfa.o)
    0x08003084   0x08003084   0x000006dc   Code   RO         9152    i._printf_core      mc_w.l(printfa.o)
    0x08003760   0x08003760   0x00000024   Code   RO         9153    i._printf_post_padding  mc_w.l(printfa.o)
    0x08003784   0x08003784   0x0000002e   Code   RO         9154    i._printf_pre_padding  mc_w.l(printfa.o)
    0x080037b2   0x080037b2   0x00000002   PAD
    0x080037b4   0x080037b4   0x000000e0   Code   RO         8123    i.ajust_position    Vince_F103ZE.lib(bsp_tracers.o)
    0x08003894   0x08003894   0x0000009c   Code   RO         8124    i.ajust_position_to_e  Vince_F103ZE.lib(bsp_tracers.o)
    0x08003930   0x08003930   0x0000007c   Code   RO         8125    i.ajust_position_to_g  Vince_F103ZE.lib(bsp_tracers.o)
    0x080039ac   0x080039ac   0x00000088   Code   RO         8126    i.ajust_position_to_g_test_edition  Vince_F103ZE.lib(bsp_tracers.o)
    0x08003a34   0x08003a34   0x000000b4   Code   RO         7336    i.catch_g_goods_judge  bsp_action.o
    0x08003ae8   0x08003ae8   0x0000003c   Code   RO         8417    i.changeFunc        Vince_F103ZE.lib(bsp_wondercam.o)
    0x08003b24   0x08003b24   0x0000001c   Code   RO         8418    i.classIdOfMaxProb  Vince_F103ZE.lib(bsp_wondercam.o)
    0x08003b40   0x08003b40   0x00000044   Code   RO         8419    i.classMaxProb      Vince_F103ZE.lib(bsp_wondercam.o)
    0x08003b84   0x08003b84   0x00000012   Code   RO         8423    i.currentFunc       Vince_F103ZE.lib(bsp_wondercam.o)
    0x08003b96   0x08003b96   0x00000002   PAD
    0x08003b98   0x08003b98   0x0000006c   Code   RO         7964    i.first_step        Vince_F103ZE.lib(bsp_trailing.o)
    0x08003c04   0x08003c04   0x0000000c   Code   RO         7965    i.first_step_with_car  Vince_F103ZE.lib(bsp_trailing.o)
    0x08003c10   0x08003c10   0x0000007c   Code   RO         7560    i.for_delay         bsp_dial.o
    0x08003c8c   0x08003c8c   0x0000001c   Code   RO         7898    i.fputc             Vince_F103ZE.lib(bsp_debug_usart.o)
    0x08003ca8   0x08003ca8   0x000000dc   Code   RO         7475    i.get_g_path_auto_shop  bsp_path.o
    0x08003d84   0x08003d84   0x000000bc   Code   RO         7476    i.get_g_path_auto_shop_mini  bsp_path.o
    0x08003e40   0x08003e40   0x000000ac   Code   RO         7477    i.get_g_path_auto_shop_restart  bsp_path.o
    0x08003eec   0x08003eec   0x000000dc   Code   RO         7478    i.get_g_path_auto_shop_with_g_judge  bsp_path.o
    0x08003fc8   0x08003fc8   0x00000100   Code   RO         7479    i.get_g_path_auto_shop_with_move_count  bsp_path.o
    0x080040c8   0x080040c8   0x00000078   Code   RO         8127    i.get_position      Vince_F103ZE.lib(bsp_tracers.o)
    0x08004140   0x08004140   0x00000050   Code   RO         8129    i.get_shop_car      Vince_F103ZE.lib(bsp_tracers.o)
    0x08004190   0x08004190   0x00000190   Code   RO         8133    i.go_straight_to_normal_position2  Vince_F103ZE.lib(bsp_tracers.o)
    0x08004320   0x08004320   0x000000c0   Code   RO         7343    i.go_to_catch_g_goods_judge  bsp_action.o
    0x080043e0   0x080043e0   0x000000d4   Code   RO         7345    i.go_to_catch_g_goods_judge_count  bsp_action.o
    0x080044b4   0x080044b4   0x000000c0   Code   RO         7350    i.go_to_catch_g_goods_vison_judge  bsp_action.o
    0x08004574   0x08004574   0x00000044   Code   RO         8134    i.go_to_certain_position  Vince_F103ZE.lib(bsp_tracers.o)
    0x080045b8   0x080045b8   0x00000044   Code   RO         8136    i.go_to_certain_position_test_edition  Vince_F103ZE.lib(bsp_tracers.o)
    0x080045fc   0x080045fc   0x000000d4   Code   RO         8137    i.go_to_e_corner_position  Vince_F103ZE.lib(bsp_tracers.o)
    0x080046d0   0x080046d0   0x0000006e   Code   RO         8138    i.go_to_e_main_position  Vince_F103ZE.lib(bsp_tracers.o)
    0x0800473e   0x0800473e   0x00000002   PAD
    0x08004740   0x08004740   0x000000a4   Code   RO         8140    i.go_to_normal_position_no_ajust  Vince_F103ZE.lib(bsp_tracers.o)
    0x080047e4   0x080047e4   0x000000b0   Code   RO         8141    i.left_E            Vince_F103ZE.lib(bsp_tracers.o)
    0x08004894   0x08004894   0x00000026   Code   RO         7620    i.left_turn         Vince_F103ZE.lib(bsp_motor_control.o)
    0x080048ba   0x080048ba   0x00000002   PAD
    0x080048bc   0x080048bc   0x0000005c   Code   RO         7104    i.main              main.o
    0x08004918   0x08004918   0x00000130   Code   RO         7967    i.motor_control_Certain_Step_ahead  Vince_F103ZE.lib(bsp_trailing.o)
    0x08004a48   0x08004a48   0x0000011c   Code   RO         7968    i.motor_control_Certain_Step_back  Vince_F103ZE.lib(bsp_trailing.o)
    0x08004b64   0x08004b64   0x0000001e   Code   RO         7969    i.motor_control_Gostraight_ahead  Vince_F103ZE.lib(bsp_trailing.o)
    0x08004b82   0x08004b82   0x00000022   Code   RO         7970    i.motor_control_Gostraight_ahead_control  Vince_F103ZE.lib(bsp_trailing.o)
    0x08004ba4   0x08004ba4   0x0000001e   Code   RO         7971    i.motor_control_Gostraight_back  Vince_F103ZE.lib(bsp_trailing.o)
    0x08004bc2   0x08004bc2   0x00000022   Code   RO         7972    i.motor_control_Gostraight_back_control  Vince_F103ZE.lib(bsp_trailing.o)
    0x08004be4   0x08004be4   0x000000ec   Code   RO         7973    i.motor_control_Left_correct  Vince_F103ZE.lib(bsp_trailing.o)
    0x08004cd0   0x08004cd0   0x00000130   Code   RO         7974    i.motor_control_Right_correct  Vince_F103ZE.lib(bsp_trailing.o)
    0x08004e00   0x08004e00   0x00000084   Code   RO         7975    i.motor_control_away_back  Vince_F103ZE.lib(bsp_trailing.o)
    0x08004e84   0x08004e84   0x0000009c   Code   RO         7976    i.motor_control_close_ahead  Vince_F103ZE.lib(bsp_trailing.o)
    0x08004f20   0x08004f20   0x00000010   Code   RO         7621    i.motor_init        Vince_F103ZE.lib(bsp_motor_control.o)
    0x08004f30   0x08004f30   0x000000a0   Code   RO         8142    i.near_E            Vince_F103ZE.lib(bsp_tracers.o)
    0x08004fd0   0x08004fd0   0x000001f8   Code   RO         7561    i.path_chose        bsp_dial.o
    0x080051c8   0x080051c8   0x0000036c   Code   RO         7978    i.pid_motor_speed   Vince_F103ZE.lib(bsp_trailing.o)
    0x08005534   0x08005534   0x00000368   Code   RO         7979    i.pid_motor_speed_control  Vince_F103ZE.lib(bsp_trailing.o)
    0x0800589c   0x0800589c   0x000000c4   Code   RO         8143    i.point_ajust       Vince_F103ZE.lib(bsp_tracers.o)
    0x08005960   0x08005960   0x00000048   Code   RO         8447    i.readByte          Vince_F103ZE.lib(bsp_wondercam.o)
    0x080059a8   0x080059a8   0x0000002e   Code   RO         8448    i.readFromAddr      Vince_F103ZE.lib(bsp_wondercam.o)
    0x080059d6   0x080059d6   0x00000002   PAD
    0x080059d8   0x080059d8   0x000000ac   Code   RO         8274    i.receiveHandle     Vince_F103ZE.lib(bsp_lobotservocontroller.o)
    0x08005a84   0x08005a84   0x00000026   Code   RO         7622    i.right_turn        Vince_F103ZE.lib(bsp_motor_control.o)
    0x08005aaa   0x08005aaa   0x00000002   PAD
    0x08005aac   0x08005aac   0x00000074   Code   RO         8275    i.runActionGroup    Vince_F103ZE.lib(bsp_lobotservocontroller.o)
    0x08005b20   0x08005b20   0x00000080   Code   RO         7562    i.scanf_dial_data   bsp_dial.o
    0x08005ba0   0x08005ba0   0x000001c0   Code   RO         7980    i.scanf_trailing_data  Vince_F103ZE.lib(bsp_trailing.o)
    0x08005d60   0x08005d60   0x00000024   Code   RO         8449    i.setLed            Vince_F103ZE.lib(bsp_wondercam.o)
    0x08005d84   0x08005d84   0x00000040   Code   RO         7623    i.set_motor1_direction  Vince_F103ZE.lib(bsp_motor_control.o)
    0x08005dc4   0x08005dc4   0x00000010   Code   RO         7625    i.set_motor1_enable  Vince_F103ZE.lib(bsp_motor_control.o)
    0x08005dd4   0x08005dd4   0x00000018   Code   RO         7626    i.set_motor1_speed  Vince_F103ZE.lib(bsp_motor_control.o)
    0x08005dec   0x08005dec   0x00000044   Code   RO         7627    i.set_motor2_direction  Vince_F103ZE.lib(bsp_motor_control.o)
    0x08005e30   0x08005e30   0x00000010   Code   RO         7629    i.set_motor2_enable  Vince_F103ZE.lib(bsp_motor_control.o)
    0x08005e40   0x08005e40   0x00000018   Code   RO         7630    i.set_motor2_speed  Vince_F103ZE.lib(bsp_motor_control.o)
    0x08005e58   0x08005e58   0x0000001c   Code   RO         7631    i.stop              Vince_F103ZE.lib(bsp_motor_control.o)
    0x08005e74   0x08005e74   0x00000034   Code   RO         8363    i.uartWriteBuf      Vince_F103ZE.lib(bsp_usart.o)
    0x08005ea8   0x08005ea8   0x000000b0   Code   RO         8452    i.updateResult      Vince_F103ZE.lib(bsp_wondercam.o)
    0x08005f58   0x08005f58   0x00000124   Code   RO         7291    i.visual_identity   bsp_vision.o
    0x0800607c   0x0800607c   0x00000144   Code   RO         7293    i.visual_identity_judge  bsp_vision.o
    0x080061c0   0x080061c0   0x0000004c   Code   RO         8454    i.writeToAddr       Vince_F103ZE.lib(bsp_wondercam.o)
    0x0800620c   0x0800620c   0x00000018   Data   RO           15    .constdata          system_stm32f1xx.o
    0x08006224   0x08006224   0x00000020   Data   RO         9218    Region$$Table       anon$$obj.o


    Execution Region RW_IRAM1 (Exec base: 0x20000000, Load base: 0x08006244, Size: 0x00000978, Max: 0x00010000, ABSOLUTE)

    Exec Addr    Load Addr    Size         Type   Attr      Idx    E Section Name        Object

    0x20000000   0x08006244   0x00000004   Data   RW           16    .data               system_stm32f1xx.o
    0x20000004   0x08006248   0x00000009   Data   RW          234    .data               stm32f1xx_hal.o
    0x2000000d   0x08006251   0x00000005   Data   RW         7207    .data               stm32f1xx_it.o
    0x20000012   0x08006256   0x00000008   Data   RW         7632    .data               Vince_F103ZE.lib(bsp_motor_control.o)
    0x2000001a   0x0800625e   0x00000002   Data   RW         7901    .data               Vince_F103ZE.lib(bsp_debug_usart.o)
    0x2000001c   0x08006260   0x0000003c   Data   RW         7982    .data               Vince_F103ZE.lib(bsp_trailing.o)
    0x20000058   0x0800629c   0x0000000c   Data   RW         8144    .data               Vince_F103ZE.lib(bsp_tracers.o)
    0x20000064   0x080062a8   0x00000005   Data   RW         8280    .data               Vince_F103ZE.lib(bsp_lobotservocontroller.o)
    0x20000069   0x080062ad   0x00000001   Data   RW         8456    .data               Vince_F103ZE.lib(bsp_wondercam.o)
    0x2000006a   0x080062ae   0x00000004   Data   RW         8734    .data               Vince_F103ZE.lib(bsp_delay.o)
    0x2000006e   0x080062b2   0x00000002   PAD
    0x20000070   0x080062b4   0x00000004   Data   RW         9196    .data               mc_w.l(stdout.o)
    0x20000074        -       0x00000040   Zero   RW         7206    .bss                stm32f1xx_it.o
    0x200000b4        -       0x00000020   Zero   RW         7563    .bss                bsp_dial.o
    0x200000d4        -       0x00000140   Zero   RW         7900    .bss                Vince_F103ZE.lib(bsp_debug_usart.o)
    0x20000214        -       0x00000080   Zero   RW         7981    .bss                Vince_F103ZE.lib(bsp_trailing.o)
    0x20000294        -       0x000000a0   Zero   RW         8279    .bss                Vince_F103ZE.lib(bsp_lobotservocontroller.o)
    0x20000334        -       0x00000140   Zero   RW         8364    .bss                Vince_F103ZE.lib(bsp_usart.o)
    0x20000474        -       0x00000080   Zero   RW         8455    .bss                Vince_F103ZE.lib(bsp_wondercam.o)
    0x200004f4        -       0x00000080   Zero   RW         8843    .bss                Vince_F103ZE.lib(bsp_motor_tim.o)
    0x20000574   0x080062b8   0x00000004   PAD
    0x20000578        -       0x00000400   Zero   RW            1    STACK               startup_stm32f103xe.o


==============================================================================

Image component sizes


      Code (inc. data)   RO Data    RW Data    ZI Data      Debug   Object Name

       776          0          0          0          0       2850   bsp_action.o
       948        218          0          0         32       3322   bsp_dial.o
      1056         70          0          0          0       3241   bsp_path.o
       616         20          0          0          0       2102   bsp_vision.o
       188          4          0          0          0       3375   main.o
        36          8        304          0       1024        912   startup_stm32f103xe.o
       154         32          0          9          0       6355   stm32f1xx_hal.o
       304         22          0          0          0      29427   stm32f1xx_hal_cortex.o
       424         10          0          0          0       1223   stm32f1xx_hal_dma.o
       860         40          0          0          0       3331   stm32f1xx_hal_gpio.o
      1784        110          0          0          0       6012   stm32f1xx_hal_rcc.o
      1036         66          0          0          0       7398   stm32f1xx_hal_tim.o
      1544         10          0          0          0       9263   stm32f1xx_hal_uart.o
       532         66          0          5         64       6155   stm32f1xx_it.o
        88         18         24          4          0     481775   system_stm32f1xx.o

    ----------------------------------------------------------------------
     10366        694        360         18       1120     566741   Object Totals
         0          0         32          0          0          0   (incl. Generated)
        20          0          0          0          0          0   (incl. Padding)

    ----------------------------------------------------------------------

      Code (inc. data)   RO Data    RW Data    ZI Data      Debug   Library Member Name

       492         36          0          2        320       3317   bsp_debug_usart.o
       184         16          0          4          0       1704   bsp_delay.o
       720        112          0          0          0       4542   bsp_iic.o
       288         92          0          5        160       3346   bsp_lobotservocontroller.o
       516         46          0          8          0     443291   bsp_motor_control.o
       728         62          0          0        128       5235   bsp_motor_tim.o
      2394        128          0         12          0       9587   bsp_tracers.o
      4476        498          0         60        128      14014   bsp_trailing.o
       128         14          0          0        320       1910   bsp_usart.o
       580         44          0          1        128       7787   bsp_wondercam.o
         0          0          0          0          0          0   entry.o
         0          0          0          0          0          0   entry10a.o
         0          0          0          0          0          0   entry11a.o
         8          4          0          0          0          0   entry2.o
         4          0          0          0          0          0   entry5.o
         0          0          0          0          0          0   entry7b.o
         0          0          0          0          0          0   entry8b.o
         8          4          0          0          0          0   entry9a.o
        30          0          0          0          0          0   handlers.o
        36          8          0          0          0         68   init.o
         0          0          0          0          0          0   iusefp.o
        30          0          0          0          0         68   llshl.o
        36          0          0          0          0         68   llsshr.o
        32          0          0          0          0         68   llushr.o
        36          0          0          0          0        108   memseta.o
      2258         90          0          0          0        452   printfa.o
         0          0          0          4          0          0   stdout.o
        44          0          0          0          0         80   uidiv.o
        98          0          0          0          0         92   uldiv.o
        48          0          0          0          0         68   cdrcmple.o
        56          0          0          0          0         88   d2f.o
       334          0          0          0          0        148   dadd.o
       222          0          0          0          0        100   ddiv.o
       186          0          0          0          0        176   depilogue.o
        48          0          0          0          0         68   dfixul.o
       228          0          0          0          0         96   dmul.o
        38          0          0          0          0         68   f2d.o
       110          0          0          0          0        168   fepilogue.o
        18          0          0          0          0         68   fflti.o

    ----------------------------------------------------------------------
     14430       1154          0         98       1188     496785   Library Totals
        16          0          0          2          4          0   (incl. Padding)

    ----------------------------------------------------------------------

      Code (inc. data)   RO Data    RW Data    ZI Data      Debug   Library Name

     10506       1048          0         92       1184     494733   Vince_F103ZE.lib
      2620        106          0          4          0       1004   mc_w.l
      1288          0          0          0          0       1048   mf_w.l

    ----------------------------------------------------------------------
     14430       1154          0         98       1188     496785   Library Totals

    ----------------------------------------------------------------------

==============================================================================


      Code (inc. data)   RO Data    RW Data    ZI Data      Debug   

     24796       1848        360        116       2308    1054994   Grand Totals
     24796       1848        360        116       2308    1054994   ELF Image Totals
     24796       1848        360        116          0          0   ROM Totals

==============================================================================

    Total RO  Size (Code + RO Data)                25156 (  24.57kB)
    Total RW  Size (RW Data + ZI Data)              2424 (   2.37kB)
    Total ROM Size (Code + RO Data + RW Data)      25272 (  24.68kB)

==============================================================================

